<html>
<body>
<pre>
<h1>礦ision Build Log</h1>
<h2>Tool Versions:</h2>
IDE-Version: μVision V5.21.1.0
Copyright (C) 2016 ARM Ltd and ARM Germany GmbH. All rights reserved.
License Information: yunpeng wang, csu, LIC=65ISZ-JSH45-X71RZ-JB02U-LP21V-Y0Z1J
 
Tool Versions:
Toolchain:       MDK-ARM Plus  Version: 5.21a
Toolchain Path:  E:\MDK\ARM\ARMCC\Bin
C Compiler:      Armcc.exe V5.06 update 3 (build 300)
Assembler:       Armasm.exe V5.06 update 3 (build 300)
Linker/Locator:  ArmLink.exe V5.06 update 3 (build 300)
Library Manager: ArmAr.exe V5.06 update 3 (build 300)
Hex Converter:   FromElf.exe V5.06 update 3 (build 300)
CPU DLL:         SARMCM3.DLL V5.21a
Dialog DLL:      DCM.DLL V1.13.8.0
Target DLL:      STLink\ST-LINKIII-KEIL_SWO.dll V2.0.18.0
Dialog DLL:      TCM.DLL V1.14.14.0
 
<h2>Project:</h2>
E:\BaiduNetdiskDownload\【正点原子】阿波罗STM32F429开发板\【正点原子】阿波罗STM32F429开发板资料 资料盘(A盘)\4，程序源码\2，标准例程-HAL库版本\实验43 图片显示实验\USER\PICTURE.uvprojx
Project File Date:  06/29/2021

<h2>Output:</h2>
*** Using Compiler 'V5.06 update 3 (build 300)', folder: 'E:\MDK\ARM\ARMCC\Bin'
Build target 'PICTURE'
compiling exti.c...
..\HARDWARE\EXTI\exti.c(156): warning:  #177-D: variable "string" was declared but never referenced
  	char string[16] = {0};
..\HARDWARE\EXTI\exti.c: 1 warning, 0 errors
linking...
Program Size: Code=71040 RO-data=21948 RW-data=356 ZI-data=33751356  
FromELF: creating hex file...
"..\OBJ\PICTURE.axf" - 0 Error(s), 1 Warning(s).

<h2>Collection of Component include folders:</h2>
  E:\BaiduNetdiskDownload\【正点原子】阿波罗STM32F429开发板\【正点原子】阿波罗STM32F429开发板资料 资料盘(A盘)\4，程序源码\2，标准例程-HAL库版本\实验43 图片显示实验\USER\RTE
  E:\MDK\ARM\PACK\Keil\STM32F4xx_DFP\2.15.0\Drivers\CMSIS\Device\ST\STM32F4xx\Include

<h2>Collection of Component Files used:</h2>
Build Time Elapsed:  00:00:03
</pre>
</body>
</html>
