Component: ARM Compiler 5.06 update 3 (build 300) Tool: armlink [4d35c9]

==============================================================================

Section Cross References

    main.o(i.Curtain_Init) refers to text.o(i.Show_Str) for Show_Str
    main.o(i.main) refers to stm32f4xx_hal.o(i.HAL_Init) for HAL_Init
    main.o(i.main) refers to sys.o(i.Stm32_Clock_Init) for Stm32_Clock_Init
    main.o(i.main) refers to delay.o(i.delay_init) for delay_init
    main.o(i.main) refers to usart.o(i.uart_init) for uart_init
    main.o(i.main) refers to led.o(i.LED_Init) for LED_Init
    main.o(i.main) refers to sdram.o(i.SDRAM_Init) for SDRAM_Init
    main.o(i.main) refers to lcd.o(i.LCD_Init) for LCD_Init
    main.o(i.main) refers to key.o(i.KEY_Init) for KEY_Init
    main.o(i.main) refers to ft5206.o(i.FT5206_Init) for FT5206_Init
    main.o(i.main) refers to w25qxx.o(i.W25QXX_Init) for W25QXX_Init
    main.o(i.main) refers to wm8978.o(i.WM8978_Init) for WM8978_Init
    main.o(i.main) refers to wm8978.o(i.WM8978_HPvol_Set) for WM8978_HPvol_Set
    main.o(i.main) refers to wm8978.o(i.WM8978_SPKvol_Set) for WM8978_SPKvol_Set
    main.o(i.main) refers to malloc.o(i.my_mem_init) for my_mem_init
    main.o(i.main) refers to exfuns.o(i.exfuns_init) for exfuns_init
    main.o(i.main) refers to ff.o(i.f_mount) for f_mount
    main.o(i.main) refers to exti.o(i.EXTI_Init) for EXTI_Init
    main.o(i.main) refers to lcd.o(i.LCD_ShowString) for LCD_ShowString
    main.o(i.main) refers to delay.o(i.delay_ms) for delay_ms
    main.o(i.main) refers to lcd.o(i.LCD_Fill) for LCD_Fill
    main.o(i.main) refers to fontupd.o(i.font_init) for font_init
    main.o(i.main) refers to text.o(i.Show_Str) for Show_Str
    main.o(i.main) refers to ff.o(i.f_opendir) for f_opendir
    main.o(i.main) refers to main.o(i.pic_get_tnum) for pic_get_tnum
    main.o(i.main) refers to malloc.o(i.mymalloc) for mymalloc
    main.o(i.main) refers to ff.o(i.f_readdir) for f_readdir
    main.o(i.main) refers to exfuns.o(i.f_typetell) for f_typetell
    main.o(i.main) refers to piclib.o(i.piclib_init) for piclib_init
    main.o(i.main) refers to audioplay.o(i.audio_play) for audio_play
    main.o(i.main) refers to ff.o(i.dir_sdi) for dir_sdi
    main.o(i.main) refers to strcpy.o(.text) for strcpy
    main.o(i.main) refers to strcat.o(.text) for strcat
    main.o(i.main) refers to lcd.o(i.LCD_Clear) for LCD_Clear
    main.o(i.main) refers to piclib.o(i.ai_load_picfile) for ai_load_picfile
    main.o(i.main) refers to main.o(i.Curtain_Init) for Curtain_Init
    main.o(i.main) refers to touch.o(.data) for tp_dev
    main.o(i.main) refers to exfuns.o(.bss) for fs
    main.o(i.main) refers to lcd.o(.data) for POINT_COLOR
    main.o(i.main) refers to lcd.o(.bss) for lcddev
    main.o(i.main) refers to main.o(.data) for .data
    main.o(i.main) refers to malloc.o(i.myfree) for myfree
    main.o(i.pic_get_tnum) refers to malloc.o(i.mymalloc) for mymalloc
    main.o(i.pic_get_tnum) refers to ff.o(i.f_opendir) for f_opendir
    main.o(i.pic_get_tnum) refers to ff.o(i.f_readdir) for f_readdir
    main.o(i.pic_get_tnum) refers to exfuns.o(i.f_typetell) for f_typetell
    main.o(i.pic_get_tnum) refers to malloc.o(i.myfree) for myfree
    stm32f4xx_it.o(i.SysTick_Handler) refers to stm32f4xx_hal.o(i.HAL_IncTick) for HAL_IncTick
    system_stm32f4xx.o(i.SystemCoreClockUpdate) refers to system_stm32f4xx.o(.data) for .data
    startup_stm32f429xx.o(STACK) refers (Special) to heapauxi.o(.text) for __use_two_region_memory
    startup_stm32f429xx.o(HEAP) refers (Special) to heapauxi.o(.text) for __use_two_region_memory
    startup_stm32f429xx.o(RESET) refers (Special) to heapauxi.o(.text) for __use_two_region_memory
    startup_stm32f429xx.o(RESET) refers to startup_stm32f429xx.o(STACK) for __initial_sp
    startup_stm32f429xx.o(RESET) refers to startup_stm32f429xx.o(.text) for Reset_Handler
    startup_stm32f429xx.o(RESET) refers to stm32f4xx_it.o(i.NMI_Handler) for NMI_Handler
    startup_stm32f429xx.o(RESET) refers to stm32f4xx_it.o(i.HardFault_Handler) for HardFault_Handler
    startup_stm32f429xx.o(RESET) refers to stm32f4xx_it.o(i.MemManage_Handler) for MemManage_Handler
    startup_stm32f429xx.o(RESET) refers to stm32f4xx_it.o(i.BusFault_Handler) for BusFault_Handler
    startup_stm32f429xx.o(RESET) refers to stm32f4xx_it.o(i.UsageFault_Handler) for UsageFault_Handler
    startup_stm32f429xx.o(RESET) refers to stm32f4xx_it.o(i.SVC_Handler) for SVC_Handler
    startup_stm32f429xx.o(RESET) refers to stm32f4xx_it.o(i.DebugMon_Handler) for DebugMon_Handler
    startup_stm32f429xx.o(RESET) refers to stm32f4xx_it.o(i.PendSV_Handler) for PendSV_Handler
    startup_stm32f429xx.o(RESET) refers to stm32f4xx_it.o(i.SysTick_Handler) for SysTick_Handler
    startup_stm32f429xx.o(RESET) refers to exti.o(i.EXTI0_IRQHandler) for EXTI0_IRQHandler
    startup_stm32f429xx.o(RESET) refers to exti.o(i.EXTI2_IRQHandler) for EXTI2_IRQHandler
[...]
    OTT2001A_WR_Reg                          0x080091e7   Thumb Code    82  ott2001a.o(i.OTT2001A_WR_Reg)
    PendSV_Handler                           0x08009239   Thumb Code     2  stm32f4xx_it.o(i.PendSV_Handler)
    SAIA_DMA_Enable                          0x0800923d   Thumb Code    12  sai.o(i.SAIA_DMA_Enable)
    SAIA_Init                                0x0800924d   Thumb Code   108  sai.o(i.SAIA_Init)
    SAIA_SampleRate_Set                      0x080092c1   Thumb Code   130  sai.o(i.SAIA_SampleRate_Set)
    SAIA_TX_DMA_Init                         0x08009351   Thumb Code   224  sai.o(i.SAIA_TX_DMA_Init)
    SAI_BlockSynchroConfig                   0x08009445   Thumb Code    28  stm32f4xx_hal_sai_ex.o(i.SAI_BlockSynchroConfig)
    SAI_GetInputClock                        0x080094a9   Thumb Code   158  stm32f4xx_hal_sai_ex.o(i.SAI_GetInputClock)
    SAI_Play_Start                           0x08009561   Thumb Code    14  sai.o(i.SAI_Play_Start)
    SAI_Play_Stop                            0x08009575   Thumb Code    14  sai.o(i.SAI_Play_Stop)
    SDIO_DataConfig                          0x08009589   Thumb Code    36  stm32f4xx_ll_sdmmc.o(i.SDIO_DataConfig)
    SDIO_GetCommandResponse                  0x080095ad   Thumb Code     6  stm32f4xx_ll_sdmmc.o(i.SDIO_GetCommandResponse)
    SDIO_GetPowerState                       0x080095b3   Thumb Code     8  stm32f4xx_ll_sdmmc.o(i.SDIO_GetPowerState)
    SDIO_GetResponse                         0x080095bd   Thumb Code    12  stm32f4xx_ll_sdmmc.o(i.SDIO_GetResponse)
    SDIO_Init                                0x080095cd   Thumb Code    36  stm32f4xx_ll_sdmmc.o(i.SDIO_Init)
    SDIO_PowerState_ON                       0x080095f1   Thumb Code     8  stm32f4xx_ll_sdmmc.o(i.SDIO_PowerState_ON)
    SDIO_ReadFIFO                            0x080095f9   Thumb Code     6  stm32f4xx_ll_sdmmc.o(i.SDIO_ReadFIFO)
    SDIO_SendCommand                         0x080095ff   Thumb Code    32  stm32f4xx_ll_sdmmc.o(i.SDIO_SendCommand)
    SDIO_WriteFIFO                           0x0800961f   Thumb Code    10  stm32f4xx_ll_sdmmc.o(i.SDIO_WriteFIFO)
    SDRAM_Init                               0x08009629   Thumb Code    86  sdram.o(i.SDRAM_Init)
    SDRAM_Initialization_Sequence            0x08009689   Thumb Code    74  sdram.o(i.SDRAM_Initialization_Sequence)
    SDRAM_Send_Cmd                           0x080096d9   Thumb Code    48  sdram.o(i.SDRAM_Send_Cmd)
    SD_Init                                  0x080099e9   Thumb Code    54  sdio_sdcard.o(i.SD_Init)
    SD_ReadDisk                              0x08009dcd   Thumb Code   116  sdio_sdcard.o(i.SD_ReadDisk)
    SD_WriteDisk                             0x08009f2d   Thumb Code   118  sdio_sdcard.o(i.SD_WriteDisk)
    SPI5_Init                                0x08009fa9   Thumb Code    72  spi.o(i.SPI5_Init)
    SPI5_ReadWriteByte                       0x08009ff9   Thumb Code    28  spi.o(i.SPI5_ReadWriteByte)
    SPI5_SetSpeed                            0x0800a019   Thumb Code    46  spi.o(i.SPI5_SetSpeed)
    SVC_Handler                              0x0800a0eb   Thumb Code     2  stm32f4xx_it.o(i.SVC_Handler)
    Show_Font                                0x0800a0ed   Thumb Code   160  text.o(i.Show_Font)
    Show_Str                                 0x0800a195   Thumb Code   174  text.o(i.Show_Str)
    Stm32_Clock_Init                         0x0800a245   Thumb Code   122  sys.o(i.Stm32_Clock_Init)
    SysTick_Handler                          0x0800a2c9   Thumb Code     4  stm32f4xx_it.o(i.SysTick_Handler)
    SystemInit                               0x0800a2cd   Thumb Code    66  system_stm32f4xx.o(i.SystemInit)
    TIM3_IRQHandler                          0x0800a321   Thumb Code     6  timer.o(i.TIM3_IRQHandler)
    TP_Adj_Info_Show                         0x0800a32d   Thumb Code   326  touch.o(i.TP_Adj_Info_Show)
    TP_Adjust                                0x0800a4a5   Thumb Code  1414  touch.o(i.TP_Adjust)
    TP_Drow_Touch_Point                      0x0800aa5d   Thumb Code   106  touch.o(i.TP_Drow_Touch_Point)
    TP_Get_Adjdata                           0x0800aacd   Thumb Code   132  touch.o(i.TP_Get_Adjdata)
    TP_Init                                  0x0800ab59   Thumb Code   310  touch.o(i.TP_Init)
    TP_Read_AD                               0x0800acb9   Thumb Code   128  touch.o(i.TP_Read_AD)
    TP_Read_XOY                              0x0800ad45   Thumb Code    96  touch.o(i.TP_Read_XOY)
    TP_Read_XY                               0x0800ada5   Thumb Code    34  touch.o(i.TP_Read_XY)
    TP_Read_XY2                              0x0800adcd   Thumb Code   124  touch.o(i.TP_Read_XY2)
    TP_Save_Adjdata                          0x0800ae49   Thumb Code   110  touch.o(i.TP_Save_Adjdata)
    TP_Scan                                  0x0800aec1   Thumb Code   178  touch.o(i.TP_Scan)
    TP_Write_Byte                            0x0800af7d   Thumb Code    62  touch.o(i.TP_Write_Byte)
    USART1_IRQHandler                        0x0800b2d9   Thumb Code   100  usart.o(i.USART1_IRQHandler)
    UsageFault_Handler                       0x0800b345   Thumb Code     2  stm32f4xx_it.o(i.UsageFault_Handler)
    W25QXX_Erase_Sector                      0x0800b349   Thumb Code    80  w25qxx.o(i.W25QXX_Erase_Sector)
    W25QXX_Init                              0x0800b3a1   Thumb Code   106  w25qxx.o(i.W25QXX_Init)
    W25QXX_Read                              0x0800b41d   Thumb Code    94  w25qxx.o(i.W25QXX_Read)
    W25QXX_ReadID                            0x0800b485   Thumb Code    62  w25qxx.o(i.W25QXX_ReadID)
    W25QXX_ReadSR                            0x0800b4c9   Thumb Code    52  w25qxx.o(i.W25QXX_ReadSR)
    W25QXX_Wait_Busy                         0x0800b501   Thumb Code    14  w25qxx.o(i.W25QXX_Wait_Busy)
    W25QXX_Write                             0x0800b511   Thumb Code   150  w25qxx.o(i.W25QXX_Write)
    W25QXX_Write_Enable                      0x0800b5ad   Thumb Code    26  w25qxx.o(i.W25QXX_Write_Enable)
    W25QXX_Write_NoCheck                     0x0800b5cd   Thumb Code    62  w25qxx.o(i.W25QXX_Write_NoCheck)
    W25QXX_Write_Page                        0x0800b60d   Thumb Code   100  w25qxx.o(i.W25QXX_Write_Page)
    WM8978_ADDA_Cfg                          0x0800b679   Thumb Code    50  wm8978.o(i.WM8978_ADDA_Cfg)
    WM8978_AUX_Gain                          0x0800b6b1   Thumb Code    42  wm8978.o(i.WM8978_AUX_Gain)
    WM8978_HPvol_Set                         0x0800b6e1   Thumb Code    40  wm8978.o(i.WM8978_HPvol_Set)
    WM8978_I2S_Cfg                           0x0800b709   Thumb Code    18  wm8978.o(i.WM8978_I2S_Cfg)
    WM8978_Init                              0x0800b71b   Thumb Code   118  wm8978.o(i.WM8978_Init)
    WM8978_Input_Cfg                         0x0800b791   Thumb Code    82  wm8978.o(i.WM8978_Input_Cfg)
    WM8978_LINEIN_Gain                       0x0800b7e9   Thumb Code    46  wm8978.o(i.WM8978_LINEIN_Gain)
    WM8978_Output_Cfg                        0x0800b81d   Thumb Code    34  wm8978.o(i.WM8978_Output_Cfg)
    WM8978_SPKvol_Set                        0x0800b83f   Thumb Code    32  wm8978.o(i.WM8978_SPKvol_Set)
    WM8978_Write_Reg                         0x0800b861   Thumb Code    80  wm8978.o(i.WM8978_Write_Reg)
    __hardfp_sqrt                            0x0800b8b5   Thumb Code   122  sqrt.o(i.__hardfp_sqrt)
    _sys_exit                                0x0800b92f   Thumb Code     2  usart.o(i._sys_exit)
    ai_draw_init                             0x0800b931   Thumb Code   164  piclib.o(i.ai_draw_init)
    ai_load_picfile                          0x0800b9dd   Thumb Code   130  piclib.o(i.ai_load_picfile)
    audio_get_tnum                           0x0800ba81   Thumb Code    84  audioplay.o(i.audio_get_tnum)
    audio_play                               0x0800bad5   Thumb Code   396  audioplay.o(i.audio_play)
    audio_play_song                          0x0800bcad   Thumb Code    36  audioplay.o(i.audio_play_song)
    audio_start                              0x0800bce1   Thumb Code    10  audioplay.o(i.audio_start)
    audio_stop                               0x0800bcf1   Thumb Code    10  audioplay.o(i.audio_stop)
    char_upper                               0x0800bfd7   Thumb Code    14  exfuns.o(i.char_upper)
    delay_init                               0x0800c5a5   Thumb Code    16  delay.o(i.delay_init)
    delay_ms                                 0x0800c5b9   Thumb Code    26  delay.o(i.delay_ms)
    delay_us                                 0x0800c5d5   Thumb Code    48  delay.o(i.delay_us)
    dir_sdi                                  0x0800cbc5   Thumb Code   150  ff.o(i.dir_sdi)
    disk_initialize                          0x0800cc5b   Thumb Code    40  diskio.o(i.disk_initialize)
    disk_ioctl                               0x0800cc85   Thumb Code   146  diskio.o(i.disk_ioctl)
    disk_read                                0x0800cd21   Thumb Code   102  diskio.o(i.disk_read)
    disk_status                              0x0800cd87   Thumb Code     4  diskio.o(i.disk_status)
    disk_write                               0x0800cd8b   Thumb Code    96  diskio.o(i.disk_write)
    exfuns_init                              0x0800cded   Thumb Code    92  exfuns.o(i.exfuns_init)
    f_close                                  0x0800ce51   Thumb Code    30  ff.o(i.f_close)
    f_lseek                                  0x0800ce6f   Thumb Code   700  ff.o(i.f_lseek)
    f_mount                                  0x0800d12d   Thumb Code    72  ff.o(i.f_mount)
    f_open                                   0x0800d179   Thumb Code   630  ff.o(i.f_open)
    f_opendir                                0x0800d3ef   Thumb Code   212  ff.o(i.f_opendir)
    f_read                                   0x0800d4c3   Thumb Code   374  ff.o(i.f_read)
    f_readdir                                0x0800d639   Thumb Code   118  ff.o(i.f_readdir)
    f_sync                                   0x0800d6af   Thumb Code   338  ff.o(i.f_sync)
    f_typetell                               0x0800d801   Thumb Code   130  exfuns.o(i.f_typetell)
    ff_convert                               0x0800d889   Thumb Code   106  mycc936.o(i.ff_convert)
    ff_memalloc                              0x0800d8f9   Thumb Code     8  diskio.o(i.ff_memalloc)
    ff_memfree                               0x0800d901   Thumb Code     8  diskio.o(i.ff_memfree)
    ff_wtoupper                              0x0800d909   Thumb Code    28  mycc936.o(i.ff_wtoupper)
    font_init                                0x0800ddf1   Thumb Code    58  fontupd.o(i.font_init)
    fputc                                    0x0800de31   Thumb Code    14  usart.o(i.fputc)
    get_fattime                              0x0800dff7   Thumb Code     4  diskio.o(i.get_fattime)
    gif_check_head                           0x0800e1c7   Thumb Code    78  gif.o(i.gif_check_head)
    gif_clear2bkcolor                        0x0800e215   Thumb Code   326  gif.o(i.gif_clear2bkcolor)
    gif_decode                               0x0800e361   Thumb Code   258  gif.o(i.gif_decode)
    gif_dispimage                            0x0800e469   Thumb Code   408  gif.o(i.gif_dispimage)
    gif_drawimage                            0x0800e609   Thumb Code   286  gif.o(i.gif_drawimage)
    gif_getdatablock                         0x0800e727   Thumb Code    60  gif.o(i.gif_getdatablock)
    gif_getinfo                              0x0800e763   Thumb Code    54  gif.o(i.gif_getinfo)
    gif_getnextbyte                          0x0800e799   Thumb Code   572  gif.o(i.gif_getnextbyte)
    gif_getnextcode                          0x0800e9d5   Thumb Code   288  gif.o(i.gif_getnextcode)
    gif_getrgb565                            0x0800eaf9   Thumb Code    24  gif.o(i.gif_getrgb565)
    gif_initlzw                              0x0800eb11   Thumb Code   138  gif.o(i.gif_initlzw)
    gif_readcolortbl                         0x0800eb9b   Thumb Code    58  gif.o(i.gif_readcolortbl)
    gif_readextension                        0x0800ebd5   Thumb Code   130  gif.o(i.gif_readextension)
    gif_recovergctbl                         0x0800ec57   Thumb Code    22  gif.o(i.gif_recovergctbl)
    gif_savegctbl                            0x0800ec6d   Thumb Code    22  gif.o(i.gif_savegctbl)
    is_element_ok                            0x0800ed25   Thumb Code    32  piclib.o(i.is_element_ok)
    jd_decomp                                0x0800ed49   Thumb Code   230  tjpgd.o(i.jd_decomp)
    jd_prepare                               0x0800ee31   Thumb Code   708  tjpgd.o(i.jd_prepare)
    jpeg_freeall                             0x0800f0f9   Thumb Code    26  tjpgd.o(i.jpeg_freeall)
    jpeg_in_func                             0x0800f119   Thumb Code    42  tjpgd.o(i.jpeg_in_func)
    jpeg_mallocall                           0x0800f145   Thumb Code    46  tjpgd.o(i.jpeg_mallocall)
    jpeg_out_func_fill                       0x0800f179   Thumb Code    50  tjpgd.o(i.jpeg_out_func_fill)
    jpeg_out_func_point                      0x0800f1b5   Thumb Code   160  tjpgd.o(i.jpeg_out_func_point)
    jpg_decode                               0x0800f25d   Thumb Code   174  tjpgd.o(i.jpg_decode)
    main                                     0x0800f4a1   Thumb Code  1634  main.o(i.main)
    my_mem_free                              0x0800fff5   Thumb Code    80  malloc.o(i.my_mem_free)
    my_mem_init                              0x0801004d   Thumb Code    36  malloc.o(i.my_mem_init)
    my_mem_malloc                            0x08010079   Thumb Code   128  malloc.o(i.my_mem_malloc)
    my_mem_perused                           0x08010101   Thumb Code    50  malloc.o(i.my_mem_perused)
    myfree                                   0x0801013d   Thumb Code    20  malloc.o(i.myfree)
    mymalloc                                 0x08010155   Thumb Code    28  malloc.o(i.mymalloc)
    mymemset                                 0x08010175   Thumb Code    12  malloc.o(i.mymemset)
    pic_get_tnum                             0x08010181   Thumb Code    84  main.o(i.pic_get_tnum)
    pic_memalloc                             0x080101d5   Thumb Code     8  piclib.o(i.pic_memalloc)
    pic_memfree                              0x080101dd   Thumb Code     8  piclib.o(i.pic_memfree)
    piclib_draw_hline                        0x08010255   Thumb Code    38  piclib.o(i.piclib_draw_hline)
    piclib_fill_color                        0x08010281   Thumb Code   134  piclib.o(i.piclib_fill_color)
    piclib_init                              0x08010315   Thumb Code    56  piclib.o(i.piclib_init)
    stdbmp_decode                            0x080105d1   Thumb Code   518  bmp.o(i.stdbmp_decode)
    uart_init                                0x08010945   Thumb Code    28  usart.o(i.uart_init)
    wav_buffill                              0x0801099d   Thumb Code   108  wavplay.o(i.wav_buffill)
    wav_decode_init                          0x08010a0d   Thumb Code   258  wavplay.o(i.wav_decode_init)
    wav_play_song                            0x08010bd1   Thumb Code   332  wavplay.o(i.wav_play_song)
    wav_sai_dma_tx_callback                  0x08010d31   Thumb Code    70  wavplay.o(i.wav_sai_dma_tx_callback)
    __aeabi_dadd                             0x08010df5   Thumb Code     0  daddsub_clz.o(x$fpl$dadd)
    _dadd                                    0x08010df5   Thumb Code   332  daddsub_clz.o(x$fpl$dadd)
    __fpl_dcmp_Inf                           0x08010f45   Thumb Code    24  dcmpi.o(x$fpl$dcmpinf)
    __aeabi_d2uiz                            0x08010f5d   Thumb Code     0  dfixu.o(x$fpl$dfixu)
    _dfixu                                   0x08010f5d   Thumb Code    90  dfixu.o(x$fpl$dfixu)
    __aeabi_ui2d                             0x08010fb7   Thumb Code     0  dflt_clz.o(x$fpl$dfltu)
    _dfltu                                   0x08010fb7   Thumb Code    38  dflt_clz.o(x$fpl$dfltu)
    __aeabi_cdcmple                          0x08010fdd   Thumb Code     0  dleqf.o(x$fpl$dleqf)
    _dcmple                                  0x08010fdd   Thumb Code   120  dleqf.o(x$fpl$dleqf)
    __fpl_dcmple_InfNaN                      0x0801103f   Thumb Code     0  dleqf.o(x$fpl$dleqf)
    __aeabi_dmul                             0x08011055   Thumb Code     0  dmul.o(x$fpl$dmul)
    _dmul                                    0x08011055   Thumb Code   332  dmul.o(x$fpl$dmul)
    __fpl_dnaninf                            0x080111a9   Thumb Code   156  dnaninf.o(x$fpl$dnaninf)
    __fpl_dretinf                            0x08011245   Thumb Code    12  dretinf.o(x$fpl$dretinf)
    __aeabi_cdrcmple                         0x08011251   Thumb Code     0  drleqf.o(x$fpl$drleqf)
    _drcmple                                 0x08011251   Thumb Code   108  drleqf.o(x$fpl$drleqf)
    __aeabi_drsub                            0x080112bd   Thumb Code     0  daddsub_clz.o(x$fpl$drsb)
    _drsb                                    0x080112bd   Thumb Code    22  daddsub_clz.o(x$fpl$drsb)
    _dsqrt                                   0x080112d5   Thumb Code   404  dsqrt_umaal.o(x$fpl$dsqrt)
    __aeabi_dsub                             0x0801146d   Thumb Code     0  daddsub_clz.o(x$fpl$dsub)
    _dsub                                    0x0801146d   Thumb Code   464  daddsub_clz.o(x$fpl$dsub)
    __aeabi_f2d                              0x08011641   Thumb Code     0  f2d.o(x$fpl$f2d)
    _f2d                                     0x08011641   Thumb Code    86  f2d.o(x$fpl$f2d)
    __fpl_fnaninf                            0x08011697   Thumb Code   140  fnaninf.o(x$fpl$fnaninf)
    _fp_init                                 0x08011723   Thumb Code    10  fpinit.o(x$fpl$fpinit)
    __fplib_config_fpu_vfp                   0x0801172b   Thumb Code     0  fpinit.o(x$fpl$fpinit)
    __fplib_config_pureend_doubles           0x0801172b   Thumb Code     0  fpinit.o(x$fpl$fpinit)
    APBAHBPrescTable                         0x0801172c   Data          16  stm32f4xx_hal_rcc.o(.constdata)
    __I$use$fp                               0x0801172c   Number         0  usenofp.o(x$fpl$usenofp)
    asc2_1206                                0x08011744   Data        1140  lcd.o(.constdata)
    asc2_1608                                0x08011bb8   Data        1520  lcd.o(.constdata)
    asc2_2412                                0x080121a8   Data        3420  lcd.o(.constdata)
    asc2_3216                                0x08012f04   Data       12160  lcd.o(.constdata)
    FT5206_TPX_TBL                           0x08015e84   Data          10  ft5206.o(.constdata)
    GT911_TPX_TBL                            0x08015e8e   Data          10  ft5206.o(.constdata)
    GT9147_CFG_TBL                           0x08015e98   Data         184  gt9147.o(.constdata)
    GT9147_TPX_TBL                           0x08015f50   Data          10  gt9147.o(.constdata)
    GT9271_CFG_TBL                           0x08015f5a   Data         186  gt9271.o(.constdata)
    GT9271_TPX_TBL                           0x08016014   Data          20  gt9271.o(.constdata)
    OTT_TPX_TBL                              0x08016028   Data          10  ott2001a.o(.constdata)
    TP_REMIND_MSG_TBL                        0x08016034   Data           4  touch.o(.constdata)
    SAI_PSC_TBL                              0x08016038   Data         110  sai.o(.constdata)
    memtblsize                               0x080160a8   Data          12  malloc.o(.constdata)
    memblksize                               0x080160b4   Data          12  malloc.o(.constdata)
    memsize                                  0x080160c0   Data          12  malloc.o(.constdata)
    FILE_TYPE_TBL                            0x08016118   Data         112  exfuns.o(.constdata)
    _aInterlaceOffset                        0x08016548   Data           4  gif.o(.constdata)
    _aInterlaceYPos                          0x0801654c   Data           4  gif.o(.constdata)
    _aMaskTbl                                0x08016550   Data          32  gif.o(.constdata)
    Region$$Table$$Base                      0x08016b1c   Number         0  anon$$obj.o(Region$$Table)
    Region$$Table$$Limit                     0x08016b3c   Number         0  anon$$obj.o(Region$$Table)
    mem3base                                 0x10000000   Data       61440  malloc.o(.ARM.__AT_0x10000000)
    mem3mapbase                              0x1000f000   Data        3840  malloc.o(.ARM.__AT_0x1000F000)
    curtainFlag                              0x20000000   Data           1  main.o(.data)
    lightFlag                                0x20000001   Data           1  main.o(.data)
    co2Flag                                  0x20000002   Data           1  main.o(.data)
    defence                                  0x20000003   Data           1  main.o(.data)
    key                                      0x20000004   Data           1  main.o(.data)
    SystemCoreClock                          0x20000008   Data           4  system_stm32f4xx.o(.data)
    AHBPrescTable                            0x2000000c   Data          16  system_stm32f4xx.o(.data)
    USART_RX_STA                             0x20000024   Data           2  usart.o(.data)
    __stdout                                 0x20000028   Data           4  usart.o(.data)
    POINT_COLOR                              0x2000002c   Data           4  lcd.o(.data)
    BACK_COLOR                               0x20000030   Data           4  lcd.o(.data)
    ltdc_framebuf                            0x20000034   Data           8  ltdc.o(.data)
    W25QXX_TYPE                              0x2000003c   Data           2  w25qxx.o(.data)
    g_gt_tnum                                0x20000044   Data           1  ft5206.o(.data)
    CIP                                      0x20000046   Data           5  ft5206.o(.data)
    CMD_RDX                                  0x20000050   Data           1  touch.o(.data)
    CMD_RDY                                  0x20000051   Data           1  touch.o(.data)
    tp_dev                                   0x20000054   Data          72  touch.o(.data)
    wavtransferend                           0x2000009c   Data           1  wavplay.o(.data)
    wavwitchbuf                              0x2000009d   Data           1  wavplay.o(.data)
    sai_tx_callback                          0x2000011c   Data           4  sai.o(.data)
    mallco_dev                               0x20000120   Data          36  malloc.o(.data)
    file                                     0x20000148   Data           4  exfuns.o(.data)
    ftemp                                    0x2000014c   Data           4  exfuns.o(.data)
    fatbuf                                   0x20000150   Data           4  exfuns.o(.data)
    gifdecoding                              0x20000154   Data           1  gif.o(.data)
    f_jpeg                                   0x20000158   Data           4  tjpgd.o(.data)
    jpeg_dev                                 0x2000015c   Data           4  tjpgd.o(.data)
    jpg_buffer                               0x20000160   Data           4  tjpgd.o(.data)
    USART_RX_BUF                             0x20000164   Data         200  usart.o(.bss)
    UART1_Handler                            0x2000022c   Data          64  usart.o(.bss)
    SRAM_Handler                             0x2000026c   Data          80  lcd.o(.bss)
    lcddev                                   0x200002bc   Data          14  lcd.o(.bss)
    SDRAM_Handler                            0x200002cc   Data          52  sdram.o(.bss)
    LTDC_Handler                             0x20000300   Data         168  ltdc.o(.bss)
    lcdltdc                                  0x200003a8   Data          32  ltdc.o(.bss)
    SDCARD_Handler                           0x200003c8   Data          96  sdio_sdcard.o(.bss)
    SDCardInfo                               0x20000428   Data          88  sdio_sdcard.o(.bss)
    SDIO_DATA_BUFFER                         0x20000480   Data         512  sdio_sdcard.o(.bss)
    SPI5_Handler                             0x20000680   Data          88  spi.o(.bss)
    W25QXX_BUFFER                            0x200006d8   Data        4096  w25qxx.o(.bss)
    NAND_Handler                             0x200016d8   Data          56  nand.o(.bss)
    nand_dev                                 0x20001710   Data          92  nand.o(.bss)
    wavctrl                                  0x2000176c   Data          32  wavplay.o(.bss)
    SAI1A_Handler                            0x2000178c   Data         136  sai.o(.bss)
    SAI1_TXDMA_Handler                       0x20001814   Data          88  sai.o(.bss)
    audiodev                                 0x2000186c   Data          17  audioplay.o(.bss)
    TIM3_Handler                             0x20001880   Data          60  timer.o(.bss)
    mem1base                                 0x200018c0   Data       163840  malloc.o(.bss)
    mem1mapbase                              0x200298c0   Data       10240  malloc.o(.bss)
    fs                                       0x2002c0cc   Data          12  exfuns.o(.bss)
    ftinfo                                   0x2002c0d8   Data          41  fontupd.o(.bss)
    picinfo                                  0x2002c104   Data          40  piclib.o(.bss)
    pic_phy                                  0x2002c12c   Data          20  piclib.o(.bss)
    __libspace_start                         0x2002c140   Data          96  libspace.o(.bss)
    __temporary_stack_top$libspace           0x2002c1a0   Data           0  libspace.o(.bss)
    ltdc_lcd_framebuf                        0xc0000000   Data       2048000  ltdc.o(.ARM.__AT_0xC0000000)
    mem2base                                 0xc01f4000   Data       29605888  malloc.o(.ARM.__AT_0xC01F4000)
    mem2mapbase                              0xc1e30000   Data       1850368  malloc.o(.ARM.__AT_0xC1E30000)



==============================================================================

Memory Map of the image

  Image Entry point : 0x080001ad

  Load Region LR_IROM1 (Base: 0x08000000, Size: 0x00016ca0, Max: 0x00100000, ABSOLUTE, COMPRESSED[0x00016bbc])

    Execution Region ER_IROM1 (Base: 0x08000000, Size: 0x00016b3c, Max: 0x00100000, ABSOLUTE)

    Base Addr    Size         Type   Attr      Idx    E Section Name        Object

    0x08000000   0x000001ac   Data   RO          586    RESET               startup_stm32f429xx.o
    0x080001ac   0x00000008   Code   RO         7895  * !!!main             c_w.l(__main.o)
    0x080001b4   0x00000034   Code   RO         8134    !!!scatter          c_w.l(__scatter.o)
    0x080001e8   0x0000005a   Code   RO         8132    !!dczerorl2         c_w.l(__dczerorl2.o)
    0x08000242   0x00000002   PAD
    0x08000244   0x0000001c   Code   RO         8136    !!handler_zi        c_w.l(__scatter_zi.o)
    0x08000260   0x00000000   Code   RO         7875    .ARM.Collect$$_printf_percent$$00000000  c_w.l(_printf_percent.o)
    0x08000260   0x00000006   Code   RO         7874    .ARM.Collect$$_printf_percent$$00000009  c_w.l(_printf_d.o)
    0x08000266   0x00000006   Code   RO         7873    .ARM.Collect$$_printf_percent$$0000000C  c_w.l(_printf_x.o)
    0x0800026c   0x00000006   Code   RO         7872    .ARM.Collect$$_printf_percent$$00000014  c_w.l(_printf_s.o)
    0x08000272   0x00000004   Code   RO         7950    .ARM.Collect$$_printf_percent$$00000017  c_w.l(_printf_percent_end.o)
    0x08000276   0x00000002   Code   RO         8009    .ARM.Collect$$libinit$$00000000  c_w.l(libinit.o)
    0x08000278   0x00000004   Code   RO         8018    .ARM.Collect$$libinit$$00000001  c_w.l(libinit2.o)
    0x0800027c   0x00000000   Code   RO         8021    .ARM.Collect$$libinit$$00000004  c_w.l(libinit2.o)
    0x0800027c   0x00000000   Code   RO         8024    .ARM.Collect$$libinit$$0000000A  c_w.l(libinit2.o)
    0x0800027c   0x00000000   Code   RO         8026    .ARM.Collect$$libinit$$0000000C  c_w.l(libinit2.o)
    0x0800027c   0x00000000   Code   RO         8028    .ARM.Collect$$libinit$$0000000E  c_w.l(libinit2.o)
    0x0800027c   0x00000000   Code   RO         8031    .ARM.Collect$$libinit$$00000011  c_w.l(libinit2.o)
    0x0800027c   0x00000000   Code   RO         8033    .ARM.Collect$$libinit$$00000013  c_w.l(libinit2.o)
    0x0800027c   0x00000000   Code   RO         8035    .ARM.Collect$$libinit$$00000015  c_w.l(libinit2.o)
    0x0800027c   0x00000000   Code   RO         8037    .ARM.Collect$$libinit$$00000017  c_w.l(libinit2.o)
    0x0800027c   0x00000000   Code   RO         8039    .ARM.Collect$$libinit$$00000019  c_w.l(libinit2.o)
    0x0800027c   0x00000000   Code   RO         8041    .ARM.Collect$$libinit$$0000001B  c_w.l(libinit2.o)
    0x0800027c   0x00000000   Code   RO         8043    .ARM.Collect$$libinit$$0000001D  c_w.l(libinit2.o)
    0x0800027c   0x00000000   Code   RO         8045    .ARM.Collect$$libinit$$0000001F  c_w.l(libinit2.o)
    0x0800027c   0x00000000   Code   RO         8047    .ARM.Collect$$libinit$$00000021  c_w.l(libinit2.o)
    0x0800027c   0x00000000   Code   RO         8049    .ARM.Collect$$libinit$$00000023  c_w.l(libinit2.o)
    0x0800027c   0x00000000   Code   RO         8051    .ARM.Collect$$libinit$$00000025  c_w.l(libinit2.o)
    0x0800027c   0x00000000   Code   RO         8055    .ARM.Collect$$libinit$$0000002C  c_w.l(libinit2.o)
    0x0800027c   0x00000000   Code   RO         8057    .ARM.Collect$$libinit$$0000002E  c_w.l(libinit2.o)
    0x0800027c   0x00000000   Code   RO         8059    .ARM.Collect$$libinit$$00000030  c_w.l(libinit2.o)
    0x0800027c   0x00000000   Code   RO         8061    .ARM.Collect$$libinit$$00000032  c_w.l(libinit2.o)
    0x0800027c   0x00000002   Code   RO         8062    .ARM.Collect$$libinit$$00000033  c_w.l(libinit2.o)
    0x0800027e   0x00000002   Code   RO         8088    .ARM.Collect$$libshutdown$$00000000  c_w.l(libshutdown.o)
    0x08000280   0x00000000   Code   RO         8115    .ARM.Collect$$libshutdown$$00000002  c_w.l(libshutdown2.o)
    0x08000280   0x00000000   Code   RO         8117    .ARM.Collect$$libshutdown$$00000004  c_w.l(libshutdown2.o)
    0x08000280   0x00000000   Code   RO         8120    .ARM.Collect$$libshutdown$$00000007  c_w.l(libshutdown2.o)
    0x08000280   0x00000000   Code   RO         8123    .ARM.Collect$$libshutdown$$0000000A  c_w.l(libshutdown2.o)
    0x08000280   0x00000000   Code   RO         8125    .ARM.Collect$$libshutdown$$0000000C  c_w.l(libshutdown2.o)
    0x08000280   0x00000000   Code   RO         8128    .ARM.Collect$$libshutdown$$0000000F  c_w.l(libshutdown2.o)
    0x08000280   0x00000002   Code   RO         8129    .ARM.Collect$$libshutdown$$00000010  c_w.l(libshutdown2.o)
    0x08000282   0x00000000   Code   RO         7935    .ARM.Collect$$rtentry$$00000000  c_w.l(__rtentry.o)
    0x08000282   0x00000000   Code   RO         7964    .ARM.Collect$$rtentry$$00000002  c_w.l(__rtentry2.o)
    0x08000282   0x00000006   Code   RO         7976    .ARM.Collect$$rtentry$$00000004  c_w.l(__rtentry4.o)
    0x08000288   0x00000000   Code   RO         7966    .ARM.Collect$$rtentry$$00000009  c_w.l(__rtentry2.o)
    0x08000288   0x00000004   Code   RO         7967    .ARM.Collect$$rtentry$$0000000A  c_w.l(__rtentry2.o)
    0x0800028c   0x00000000   Code   RO         7969    .ARM.Collect$$rtentry$$0000000C  c_w.l(__rtentry2.o)
    0x0800028c   0x00000008   Code   RO         7970    .ARM.Collect$$rtentry$$0000000D  c_w.l(__rtentry2.o)
    0x08000294   0x00000002   Code   RO         8010    .ARM.Collect$$rtexit$$00000000  c_w.l(rtexit.o)
    0x08000296   0x00000000   Code   RO         8064    .ARM.Collect$$rtexit$$00000002  c_w.l(rtexit2.o)
    0x08000296   0x00000004   Code   RO         8065    .ARM.Collect$$rtexit$$00000003  c_w.l(rtexit2.o)
    0x0800029a   0x00000006   Code   RO         8066    .ARM.Collect$$rtexit$$00000004  c_w.l(rtexit2.o)
    0x080002a0   0x00000010   Code   RO         4551    .emb_text           sys.o
    0x080002b0   0x00000040   Code   RO          587    .text               startup_stm32f429xx.o
    0x080002f0   0x00000002   Code   RO         7812    .text               c_w.l(use_no_semi_2.o)
    0x080002f2   0x000000ee   Code   RO         7814    .text               c_w.l(lludivv7m.o)
    0x080003e0   0x00000018   Code   RO         7820    .text               c_w.l(noretval__2printf.o)
    0x080003f8   0x00000052   Code   RO         7824    .text               c_w.l(_printf_str.o)
    0x0800044a   0x00000002   PAD
    0x0800044c   0x00000078   Code   RO         7826    .text               c_w.l(_printf_dec.o)
    0x080004c4   0x00000058   Code   RO         7833    .text               c_w.l(_printf_hex_int.o)
    0x0800051c   0x000000b8   Code   RO         7854    .text               c_w.l(__printf_ss.o)
    0x080005d4   0x00000048   Code   RO         7877    .text               c_w.l(strcpy.o)
    0x0800061c   0x00000018   Code   RO         7881    .text               c_w.l(strcat.o)
    0x08000634   0x0000008a   Code   RO         7883    .text               c_w.l(rt_memcpy_v6.o)
    0x080006be   0x00000064   Code   RO         7885    .text               c_w.l(rt_memcpy_w.o)
    0x08000722   0x00000044   Code   RO         7887    .text               c_w.l(rt_memclr.o)
    0x08000766   0x0000004e   Code   RO         7889    .text               c_w.l(rt_memclr_w.o)
    0x080007b4   0x00000080   Code   RO         7891    .text               c_w.l(strcmpv7m.o)
    0x08000834   0x00000006   Code   RO         7893    .text               c_w.l(heapauxi.o)
    0x0800083a   0x00000002   Code   RO         7933    .text               c_w.l(use_no_semi.o)
    0x0800083c   0x00000016   Code   RO         7942    .text               c_w.l(_rserrno.o)
    0x08000852   0x000000b2   Code   RO         7944    .text               c_w.l(_printf_intcommon.o)
    0x08000904   0x0000002c   Code   RO         7946    .text               c_w.l(_printf_char.o)
    0x08000930   0x00000024   Code   RO         7948    .text               c_w.l(_printf_char_file.o)
    0x08000954   0x00000008   Code   RO         7983    .text               c_w.l(rt_errno_addr_intlibspace.o)
    0x0800095c   0x00000030   Code   RO         7985    .text               c_w.l(_printf_char_common.o)
    0x0800098c   0x00000008   Code   RO         7987    .text               c_w.l(ferror.o)
    0x08000994   0x00000008   Code   RO         7991    .text               c_w.l(libspace.o)
    0x0800099c   0x0000004a   Code   RO         7994    .text               c_w.l(sys_stackheap_outer.o)
    0x080009e6   0x00000012   Code   RO         7998    .text               c_w.l(exit.o)
    0x080009f8   0x00000004   Code   RO         5957    i.AT24CXX_Init      24cxx.o
    0x080009fc   0x0000002a   Code   RO         5959    i.AT24CXX_ReadLenByte  24cxx.o
    0x08000a26   0x00000042   Code   RO         5960    i.AT24CXX_ReadOneByte  24cxx.o
    0x08000a68   0x0000002a   Code   RO         5962    i.AT24CXX_WriteLenByte  24cxx.o
    0x08000a92   0x0000003e   Code   RO         5963    i.AT24CXX_WriteOneByte  24cxx.o
    0x08000ad0   0x00000002   Code   RO          373    i.BusFault_Handler  stm32f4xx_it.o
    0x08000ad2   0x00000002   PAD
    0x08000ad4   0x00000048   Code   RO         5564    i.CT_IIC_Ack        ctiic.o
    0x08000b1c   0x0000006c   Code   RO         5565    i.CT_IIC_Init       ctiic.o
    0x08000b88   0x00000048   Code   RO         5566    i.CT_IIC_NAck       ctiic.o
    0x08000bd0   0x00000078   Code   RO         5567    i.CT_IIC_Read_Byte  ctiic.o
    0x08000c48   0x00000068   Code   RO         5568    i.CT_IIC_Send_Byte  ctiic.o
    0x08000cb0   0x0000004c   Code   RO         5569    i.CT_IIC_Start      ctiic.o
    0x08000cfc   0x0000004c   Code   RO         5570    i.CT_IIC_Stop       ctiic.o
    0x08000d48   0x00000054   Code   RO         5571    i.CT_IIC_Wait_Ack   ctiic.o
    0x08000d9c   0x000000c8   Code   RO            4    i.Curtain_Init      main.o
    0x08000e64   0x00000078   Code   RO         6281    i.DMA2_Stream3_IRQHandler  sai.o
    0x08000edc   0x00000028   Code   RO         1729    i.DMA_CalcBaseAndBitshift  stm32f4xx_hal_dma.o
    0x08000f04   0x0000001e   Code   RO         1812    i.DMA_MultiBufferSetConfig  stm32f4xx_hal_dma_ex.o
    0x08000f22   0x00000002   Code   RO          374    i.DebugMon_Handler  stm32f4xx_it.o
    0x08000f24   0x00000006   Code   RO         6422    i.EXTI0_IRQHandler  exti.o
    0x08000f2a   0x00000008   Code   RO         6423    i.EXTI15_10_IRQHandler  exti.o
    0x08000f32   0x00000006   Code   RO         6424    i.EXTI2_IRQHandler  exti.o
    0x08000f38   0x00000006   Code   RO         6425    i.EXTI3_IRQHandler  exti.o
    0x08000f3e   0x00000006   Code   RO         6426    i.EXTI9_5_IRQHandler  exti.o
    0x08000f44   0x000000ec   Code   RO         6427    i.EXTI_Init         exti.o
    0x08001030   0x00000030   Code   RO         2723    i.FMC_NAND_AttributeSpace_Timing_Init  stm32f4xx_ll_fmc.o
    0x08001060   0x00000030   Code   RO         2724    i.FMC_NAND_CommonSpace_Timing_Init  stm32f4xx_ll_fmc.o
    0x08001090   0x00000050   Code   RO         2729    i.FMC_NAND_Init     stm32f4xx_ll_fmc.o
    0x080010e0   0x00000040   Code   RO         2731    i.FMC_NORSRAM_Extended_Timing_Init  stm32f4xx_ll_fmc.o
    0x08001120   0x00000078   Code   RO         2732    i.FMC_NORSRAM_Init  stm32f4xx_ll_fmc.o
    0x08001198   0x0000005c   Code   RO         2733    i.FMC_NORSRAM_Timing_Init  stm32f4xx_ll_fmc.o
    0x080011f4   0x0000004c   Code   RO         2743    i.FMC_SDRAM_Init    stm32f4xx_ll_fmc.o
    0x08001240   0x0000000c   Code   RO         2744    i.FMC_SDRAM_ProgramRefreshRate  stm32f4xx_ll_fmc.o
    0x0800124c   0x00000048   Code   RO         2745    i.FMC_SDRAM_SendCommand  stm32f4xx_ll_fmc.o
    0x08001294   0x0000007c   Code   RO         2747    i.FMC_SDRAM_Timing_Init  stm32f4xx_ll_fmc.o
    0x08001310   0x00000158   Code   RO         5638    i.FT5206_Init       ft5206.o
    0x08001468   0x00000056   Code   RO         5639    i.FT5206_RD_Reg     ft5206.o
    0x080014be   0x00000002   PAD
    0x080014c0   0x00000258   Code   RO         5640    i.FT5206_Scan       ft5206.o
    0x08001718   0x00000048   Code   RO         5641    i.FT5206_WR_Reg     ft5206.o
    0x08001760   0x00000030   Code   RO         5309    i.FTL_BadBlockMark  ftl.o
    0x08001790   0x000000d0   Code   RO         5310    i.FTL_BlockCompare  ftl.o
    0x08001860   0x0000004c   Code   RO         5311    i.FTL_CheckBadBlock  ftl.o
    0x080018ac   0x000000c8   Code   RO         5312    i.FTL_CopyAndWriteToBlock  ftl.o
    0x08001974   0x000000c8   Code   RO         5313    i.FTL_CreateLUT     ftl.o
    0x08001a3c   0x0000004c   Code   RO         5314    i.FTL_FindSamePlaneUnusedBlock  ftl.o
    0x08001a88   0x00000044   Code   RO         5315    i.FTL_FindUnusedBlock  ftl.o
    0x08001acc   0x000000c0   Code   RO         5316    i.FTL_Format        ftl.o
    0x08001b8c   0x000000e0   Code   RO         5317    i.FTL_Init          ftl.o
    0x08001c6c   0x0000001c   Code   RO         5318    i.FTL_LBNToPBN      ftl.o
    0x08001c88   0x00000110   Code   RO         5319    i.FTL_ReadSectors   ftl.o
    0x08001d98   0x00000020   Code   RO         5321    i.FTL_UsedBlockMark  ftl.o
    0x08001db8   0x00000118   Code   RO         5322    i.FTL_WriteSectors  ftl.o
    0x08001ed0   0x0000013c   Code   RO         5690    i.GT9147_Init       gt9147.o
    0x0800200c   0x00000060   Code   RO         5691    i.GT9147_RD_Reg     gt9147.o
    0x0800206c   0x000001fc   Code   RO         5692    i.GT9147_Scan       gt9147.o
    0x08002268   0x0000004c   Code   RO         5693    i.GT9147_Send_Cfg   gt9147.o
    0x080022b4   0x00000052   Code   RO         5694    i.GT9147_WR_Reg     gt9147.o
    0x08002306   0x00000002   PAD
    0x08002308   0x0000013c   Code   RO         5742    i.GT9271_Init       gt9271.o
    0x08002444   0x00000060   Code   RO         5743    i.GT9271_RD_Reg     gt9271.o
    0x080024a4   0x000001b0   Code   RO         5744    i.GT9271_Scan       gt9271.o
    0x08002654   0x0000004c   Code   RO         5745    i.GT9271_Send_Cfg   gt9271.o
    0x080026a0   0x00000052   Code   RO         5746    i.GT9271_WR_Reg     gt9271.o
    0x080026f2   0x00000002   PAD
    0x080026f4   0x00000098   Code   RO         7365    i.Get_HzMat         text.o
    0x0800278c   0x0000005c   Code   RO         1814    i.HAL_DMAEx_MultiBufferStart  stm32f4xx_hal_dma_ex.o
    0x080027e8   0x00000056   Code   RO         1732    i.HAL_DMA_DeInit    stm32f4xx_hal_dma.o
    0x0800283e   0x00000002   PAD
    0x08002840   0x00000078   Code   RO         1736    i.HAL_DMA_Init      stm32f4xx_hal_dma.o
    0x080028b8   0x00000016   Code   RO          601    i.HAL_Delay         stm32f4xx_hal.o
    0x080028ce   0x00000002   PAD
    0x080028d0   0x000000b0   Code   RO         6428    i.HAL_GPIO_EXTI_Callback  exti.o
    0x08002980   0x00000018   Code   RO          877    i.HAL_GPIO_EXTI_IRQHandler  stm32f4xx_hal_gpio.o
    0x08002998   0x000001dc   Code   RO          878    i.HAL_GPIO_Init     stm32f4xx_hal_gpio.o
    0x08002b74   0x0000000a   Code   RO          880    i.HAL_GPIO_ReadPin  stm32f4xx_hal_gpio.o
    0x08002b7e   0x0000000a   Code   RO          882    i.HAL_GPIO_WritePin  stm32f4xx_hal_gpio.o
    0x08002b88   0x0000000c   Code   RO          609    i.HAL_GetTick       stm32f4xx_hal.o
    0x08002b94   0x00000010   Code   RO          610    i.HAL_IncTick       stm32f4xx_hal.o
    0x08002ba4   0x00000034   Code   RO          611    i.HAL_Init          stm32f4xx_hal.o
    0x08002bd8   0x00000022   Code   RO          612    i.HAL_InitTick      stm32f4xx_hal.o
    0x08002bfa   0x00000052   Code   RO         3181    i.HAL_LTDC_ConfigLayer  stm32f4xx_hal_ltdc.o
    0x08002c4c   0x000000fc   Code   RO         3193    i.HAL_LTDC_Init     stm32f4xx_hal_ltdc.o
    0x08002d48   0x000000f4   Code   RO         4974    i.HAL_LTDC_MspInit  ltdc.o
    0x08002e3c   0x00000054   Code   RO         3202    i.HAL_LTDC_SetWindowPosition  stm32f4xx_hal_ltdc.o
    0x08002e90   0x00000054   Code   RO         3203    i.HAL_LTDC_SetWindowSize  stm32f4xx_hal_ltdc.o
    0x08002ee4   0x00000008   Code   RO          614    i.HAL_MspInit       stm32f4xx_hal.o
    0x08002eec   0x00000062   Code   RO         4100    i.HAL_NAND_Init     stm32f4xx_hal_nand.o
    0x08002f4e   0x00000002   PAD
    0x08002f50   0x000000b0   Code   RO         5418    i.HAL_NAND_MspInit  nand.o
    0x08003000   0x00000016   Code   RO          755    i.HAL_NVIC_EnableIRQ  stm32f4xx_hal_cortex.o
    0x08003016   0x00000002   PAD
    0x08003018   0x00000040   Code   RO          761    i.HAL_NVIC_SetPriority  stm32f4xx_hal_cortex.o
    0x08003058   0x00000024   Code   RO          762    i.HAL_NVIC_SetPriorityGrouping  stm32f4xx_hal_cortex.o
    0x0800307c   0x00000088   Code   RO         1067    i.HAL_PWREx_EnableOverDrive  stm32f4xx_hal_pwr_ex.o
    0x08003104   0x000002a8   Code   RO         1239    i.HAL_RCCEx_PeriphCLKConfig  stm32f4xx_hal_rcc_ex.o
    0x080033ac   0x00000208   Code   RO         1134    i.HAL_RCC_ClockConfig  stm32f4xx_hal_rcc.o
    0x080035b4   0x00000034   Code   RO         1139    i.HAL_RCC_GetHCLKFreq  stm32f4xx_hal_rcc.o
    0x080035e8   0x0000002c   Code   RO         1141    i.HAL_RCC_GetPCLK1Freq  stm32f4xx_hal_rcc.o
    0x08003614   0x0000002c   Code   RO         1142    i.HAL_RCC_GetPCLK2Freq  stm32f4xx_hal_rcc.o
    0x08003640   0x00000074   Code   RO         1143    i.HAL_RCC_GetSysClockFreq  stm32f4xx_hal_rcc.o
    0x080036b4   0x0000031c   Code   RO         1146    i.HAL_RCC_OscConfig  stm32f4xx_hal_rcc.o
    0x080039d0   0x00000042   Code   RO         4227    i.HAL_SAI_DeInit    stm32f4xx_hal_sai.o
    0x08003a12   0x00000002   Code   RO         4232    i.HAL_SAI_ErrorCallback  stm32f4xx_hal_sai.o
    0x08003a14   0x0000012c   Code   RO         4236    i.HAL_SAI_Init      stm32f4xx_hal_sai.o
    0x08003b40   0x00000002   Code   RO         4238    i.HAL_SAI_MspDeInit  stm32f4xx_hal_sai.o
    0x08003b42   0x00000002   PAD
    0x08003b44   0x00000054   Code   RO         6282    i.HAL_SAI_MspInit   sai.o
    0x08003b98   0x00000042   Code   RO         3029    i.HAL_SDRAM_Init    stm32f4xx_hal_sdram.o
    0x08003bda   0x00000002   PAD
    0x08003bdc   0x000000dc   Code   RO         4916    i.HAL_SDRAM_MspInit  sdram.o
    0x08003cb8   0x00000022   Code   RO         3032    i.HAL_SDRAM_ProgramRefreshRate  stm32f4xx_hal_sdram.o
    0x08003cda   0x0000002e   Code   RO         3038    i.HAL_SDRAM_SendCommand  stm32f4xx_hal_sdram.o
    0x08003d08   0x000002b8   Code   RO         3619    i.HAL_SD_Get_CardInfo  stm32f4xx_hal_sd.o
    0x08003fc0   0x000000a0   Code   RO         3622    i.HAL_SD_Init       stm32f4xx_hal_sd.o
    0x08004060   0x00000084   Code   RO         5088    i.HAL_SD_MspInit    sdio_sdcard.o
    0x080040e4   0x0000017c   Code   RO         3625    i.HAL_SD_ReadBlocks  stm32f4xx_hal_sd.o
    0x08004260   0x0000002c   Code   RO         3628    i.HAL_SD_StopTransfer  stm32f4xx_hal_sd.o
    0x0800428c   0x0000005e   Code   RO         3629    i.HAL_SD_WideBusOperation_Config  stm32f4xx_hal_sd.o
    0x080042ea   0x000001d0   Code   RO         3630    i.HAL_SD_WriteBlocks  stm32f4xx_hal_sd.o
    0x080044ba   0x00000084   Code   RO         3855    i.HAL_SPI_Init      stm32f4xx_hal_spi.o
    0x0800453e   0x00000002   PAD
    0x08004540   0x00000054   Code   RO         5144    i.HAL_SPI_MspInit   spi.o
    0x08004594   0x000002aa   Code   RO         3864    i.HAL_SPI_TransmitReceive  stm32f4xx_hal_spi.o
    0x0800483e   0x00000056   Code   RO         2907    i.HAL_SRAM_Init     stm32f4xx_hal_sram.o
    0x08004894   0x00000078   Code   RO         4695    i.HAL_SRAM_MspInit  lcd.o
    0x0800490c   0x00000018   Code   RO          764    i.HAL_SYSTICK_CLKSourceConfig  stm32f4xx_hal_cortex.o
    0x08004924   0x00000028   Code   RO          766    i.HAL_SYSTICK_Config  stm32f4xx_hal_cortex.o
    0x0800494c   0x00000002   Code   RO         2484    i.HAL_TIMEx_BreakCallback  stm32f4xx_hal_tim_ex.o
    0x0800494e   0x00000002   Code   RO         2485    i.HAL_TIMEx_CommutationCallback  stm32f4xx_hal_tim_ex.o
    0x08004950   0x00000002   Code   RO         1884    i.HAL_TIM_IC_CaptureCallback  stm32f4xx_hal_tim.o
    0x08004952   0x00000166   Code   RO         1897    i.HAL_TIM_IRQHandler  stm32f4xx_hal_tim.o
    0x08004ab8   0x00000002   Code   RO         1900    i.HAL_TIM_OC_DelayElapsedCallback  stm32f4xx_hal_tim.o
    0x08004aba   0x00000002   Code   RO         1927    i.HAL_TIM_PWM_PulseFinishedCallback  stm32f4xx_hal_tim.o
    0x08004abc   0x0000000c   Code   RO         6490    i.HAL_TIM_PeriodElapsedCallback  timer.o
    0x08004ac8   0x00000002   Code   RO         1938    i.HAL_TIM_TriggerCallback  stm32f4xx_hal_tim.o
    0x08004aca   0x00000002   Code   RO         1286    i.HAL_UART_ErrorCallback  stm32f4xx_hal_uart.o
    0x08004acc   0x000000f4   Code   RO         1289    i.HAL_UART_IRQHandler  stm32f4xx_hal_uart.o
    0x08004bc0   0x0000005e   Code   RO         1290    i.HAL_UART_Init     stm32f4xx_hal_uart.o
    0x08004c1e   0x00000002   PAD
    0x08004c20   0x00000094   Code   RO         4579    i.HAL_UART_MspInit  usart.o
    0x08004cb4   0x000000ca   Code   RO         1293    i.HAL_UART_Receive  stm32f4xx_hal_uart.o
    0x08004d7e   0x00000002   Code   RO         1296    i.HAL_UART_RxCpltCallback  stm32f4xx_hal_uart.o
    0x08004d80   0x00000002   Code   RO         1301    i.HAL_UART_TxCpltCallback  stm32f4xx_hal_uart.o
    0x08004d82   0x00000002   Code   RO          375    i.HardFault_Handler  stm32f4xx_it.o
    0x08004d84   0x00000040   Code   RO         6022    i.IIC_Ack           myiic.o
    0x08004dc4   0x00000048   Code   RO         6023    i.IIC_Init          myiic.o
    0x08004e0c   0x00000040   Code   RO         6024    i.IIC_NAck          myiic.o
    0x08004e4c   0x00000068   Code   RO         6025    i.IIC_Read_Byte     myiic.o
    0x08004eb4   0x00000060   Code   RO         6026    i.IIC_Send_Byte     myiic.o
    0x08004f14   0x00000040   Code   RO         6027    i.IIC_Start         myiic.o
    0x08004f54   0x00000040   Code   RO         6028    i.IIC_Stop          myiic.o
    0x08004f94   0x00000054   Code   RO         6029    i.IIC_Wait_Ack      myiic.o
    0x08004fe8   0x00000080   Code   RO         4664    i.KEY_Init          key.o
    0x08005068   0x00000048   Code   RO         4697    i.LCD_Clear         lcd.o
    0x080050b0   0x0000006c   Code   RO         4698    i.LCD_Color_Fill    lcd.o
    0x0800511c   0x000000f4   Code   RO         4701    i.LCD_Display_Dir   lcd.o
    0x08005210   0x00000096   Code   RO         4702    i.LCD_DrawLine      lcd.o
    0x080052a6   0x00000002   PAD
    0x080052a8   0x00000030   Code   RO         4703    i.LCD_DrawPoint     lcd.o
    0x080052d8   0x000000b0   Code   RO         4705    i.LCD_Draw_Circle   lcd.o
    0x08005388   0x000000fc   Code   RO         4706    i.LCD_Fast_DrawPoint  lcd.o
    0x08005484   0x00000060   Code   RO         4707    i.LCD_Fill          lcd.o
    0x080054e4   0x0000238c   Code   RO         4708    i.LCD_Init          lcd.o
    0x08007870   0x00000010   Code   RO         4709    i.LCD_Pow           lcd.o
    0x08007880   0x00000014   Code   RO         4710    i.LCD_RD_DATA       lcd.o
    0x08007894   0x0000009c   Code   RO         4711    i.LCD_ReadPoint     lcd.o
    0x08007930   0x00000050   Code   RO         4713    i.LCD_SSD_BackLightSet  lcd.o
    0x08007980   0x000001b8   Code   RO         4714    i.LCD_Scan_Dir      lcd.o
    0x08007b38   0x00000104   Code   RO         4715    i.LCD_SetCursor     lcd.o
    0x08007c3c   0x000000dc   Code   RO         4717    i.LCD_ShowChar      lcd.o
    0x08007d18   0x00000076   Code   RO         4718    i.LCD_ShowNum       lcd.o
    0x08007d8e   0x00000054   Code   RO         4719    i.LCD_ShowString    lcd.o
    0x08007de2   0x00000002   PAD
    0x08007de4   0x00000018   Code   RO         4721    i.LCD_WR_DATA       lcd.o
    0x08007dfc   0x00000018   Code   RO         4722    i.LCD_WR_REG        lcd.o
    0x08007e14   0x00000014   Code   RO         4724    i.LCD_WriteRAM_Prepare  lcd.o
    0x08007e28   0x00000010   Code   RO         4725    i.LCD_WriteReg      lcd.o
    0x08007e38   0x0000004c   Code   RO         4640    i.LED_Init          led.o
    0x08007e84   0x00000020   Code   RO         4975    i.LTDC_Clear        ltdc.o
    0x08007ea4   0x0000001e   Code   RO         4976    i.LTDC_Clk_Set      ltdc.o
    0x08007ec2   0x00000002   PAD
    0x08007ec4   0x000000c0   Code   RO         4977    i.LTDC_Color_Fill   ltdc.o
    0x08007f84   0x00000028   Code   RO         4978    i.LTDC_Display_Dir  ltdc.o
    0x08007fac   0x0000003c   Code   RO         4979    i.LTDC_Draw_Point   ltdc.o
    0x08007fe8   0x000000b4   Code   RO         4980    i.LTDC_Fill         ltdc.o
    0x0800809c   0x00000208   Code   RO         4981    i.LTDC_Init         ltdc.o
    0x080082a4   0x0000005c   Code   RO         4982    i.LTDC_Layer_Parameter_Config  ltdc.o
    0x08008300   0x00000024   Code   RO         4984    i.LTDC_Layer_Window_Config  ltdc.o
    0x08008324   0x000000b8   Code   RO         4985    i.LTDC_PanelID_Read  ltdc.o
    0x080083dc   0x00000038   Code   RO         4986    i.LTDC_Read_Point   ltdc.o
    0x08008414   0x00000162   Code   RO         3204    i.LTDC_SetConfig    stm32f4xx_hal_ltdc.o
    0x08008576   0x00000002   Code   RO          376    i.MemManage_Handler  stm32f4xx_it.o
    0x08008578   0x000001a8   Code   RO         5419    i.NAND_CopyPageWithWrite  nand.o
    0x08008720   0x00000084   Code   RO         5420    i.NAND_CopyPageWithoutWrite  nand.o
    0x080087a4   0x00000010   Code   RO         5421    i.NAND_Delay        nand.o
    0x080087b4   0x00000094   Code   RO         5422    i.NAND_ECC_Correction  nand.o
    0x08008848   0x00000030   Code   RO         5423    i.NAND_ECC_Get_OE   nand.o
    0x08008878   0x00000058   Code   RO         5424    i.NAND_EraseBlock   nand.o
    0x080088d0   0x000000ac   Code   RO         5426    i.NAND_Init         nand.o
    0x0800897c   0x00000034   Code   RO         5427    i.NAND_ModeSet      nand.o
    0x080089b0   0x00000048   Code   RO         5428    i.NAND_ReadID       nand.o
    0x080089f8   0x0000023c   Code   RO         5429    i.NAND_ReadPage     nand.o
    0x08008c34   0x00000068   Code   RO         5430    i.NAND_ReadPageComp  nand.o
    0x08008c9c   0x00000020   Code   RO         5431    i.NAND_ReadSpare    nand.o
    0x08008cbc   0x00000028   Code   RO         5432    i.NAND_ReadStatus   nand.o
    0x08008ce4   0x0000001c   Code   RO         5433    i.NAND_Reset        nand.o
    0x08008d00   0x00000024   Code   RO         5434    i.NAND_WaitForReady  nand.o
    0x08008d24   0x00000034   Code   RO         5435    i.NAND_WaitRB       nand.o
    0x08008d58   0x00000158   Code   RO         5436    i.NAND_WritePage    nand.o
    0x08008eb0   0x00000054   Code   RO         5437    i.NAND_WritePageConst  nand.o
    0x08008f04   0x00000020   Code   RO         5438    i.NAND_WriteSpare   nand.o
    0x08008f24   0x00000002   Code   RO          377    i.NMI_Handler       stm32f4xx_it.o
    0x08008f26   0x00000020   Code   RO          768    i.NVIC_SetPriority  stm32f4xx_hal_cortex.o
    0x08008f46   0x00000002   PAD
    0x08008f48   0x000000b4   Code   RO         5794    i.OTT2001A_Init     ott2001a.o
    0x08008ffc   0x00000060   Code   RO         5795    i.OTT2001A_RD_Reg   ott2001a.o
    0x0800905c   0x0000016c   Code   RO         5796    i.OTT2001A_Scan     ott2001a.o
    0x080091c8   0x0000001e   Code   RO         5797    i.OTT2001A_SensorControl  ott2001a.o
    0x080091e6   0x00000052   Code   RO         5798    i.OTT2001A_WR_Reg   ott2001a.o
    0x08009238   0x00000002   Code   RO          378    i.PendSV_Handler    stm32f4xx_it.o
    0x0800923a   0x00000002   PAD
    0x0800923c   0x00000010   Code   RO         6283    i.SAIA_DMA_Enable   sai.o
    0x0800924c   0x00000074   Code   RO         6284    i.SAIA_Init         sai.o
    0x080092c0   0x00000090   Code   RO         6285    i.SAIA_SampleRate_Set  sai.o
    0x08009350   0x000000f4   Code   RO         6286    i.SAIA_TX_DMA_Init  sai.o
    0x08009444   0x00000020   Code   RO         4483    i.SAI_BlockSynchroConfig  stm32f4xx_hal_sai_ex.o
    0x08009464   0x00000042   Code   RO         4255    i.SAI_Disable       stm32f4xx_hal_sai.o
    0x080094a6   0x00000002   PAD
    0x080094a8   0x000000b8   Code   RO         4484    i.SAI_GetInputClock  stm32f4xx_hal_sai_ex.o
    0x08009560   0x00000014   Code   RO         6287    i.SAI_Play_Start    sai.o
    0x08009574   0x00000014   Code   RO         6288    i.SAI_Play_Stop     sai.o
    0x08009588   0x00000024   Code   RO         3513    i.SDIO_DataConfig   stm32f4xx_ll_sdmmc.o
    0x080095ac   0x00000006   Code   RO         3514    i.SDIO_GetCommandResponse  stm32f4xx_ll_sdmmc.o
    0x080095b2   0x00000008   Code   RO         3517    i.SDIO_GetPowerState  stm32f4xx_ll_sdmmc.o
    0x080095ba   0x00000002   PAD
    0x080095bc   0x00000010   Code   RO         3518    i.SDIO_GetResponse  stm32f4xx_ll_sdmmc.o
    0x080095cc   0x00000024   Code   RO         3519    i.SDIO_Init         stm32f4xx_ll_sdmmc.o
    0x080095f0   0x00000008   Code   RO         3521    i.SDIO_PowerState_ON  stm32f4xx_ll_sdmmc.o
    0x080095f8   0x00000006   Code   RO         3522    i.SDIO_ReadFIFO     stm32f4xx_ll_sdmmc.o
    0x080095fe   0x00000020   Code   RO         3523    i.SDIO_SendCommand  stm32f4xx_ll_sdmmc.o
    0x0800961e   0x0000000a   Code   RO         3525    i.SDIO_WriteFIFO    stm32f4xx_ll_sdmmc.o
    0x08009628   0x00000060   Code   RO         4917    i.SDRAM_Init        sdram.o
    0x08009688   0x00000050   Code   RO         4918    i.SDRAM_Initialization_Sequence  sdram.o
    0x080096d8   0x00000034   Code   RO         4919    i.SDRAM_Send_Cmd    sdram.o
    0x0800970c   0x000000ec   Code   RO         3634    i.SD_CmdResp1Error  stm32f4xx_hal_sd.o
    0x080097f8   0x0000002e   Code   RO         3635    i.SD_CmdResp2Error  stm32f4xx_hal_sd.o
    0x08009826   0x00000072   Code   RO         3636    i.SD_CmdResp6Error  stm32f4xx_hal_sd.o
    0x08009898   0x00000046   Code   RO         3637    i.SD_CmdResp7Error  stm32f4xx_hal_sd.o
    0x080098de   0x0000010a   Code   RO         3642    i.SD_FindSCR        stm32f4xx_hal_sd.o
    0x080099e8   0x00000040   Code   RO         5090    i.SD_Init           sdio_sdcard.o
    0x08009a28   0x000000dc   Code   RO         3643    i.SD_Initialize_Cards  stm32f4xx_hal_sd.o
    0x08009b04   0x0000013c   Code   RO         3644    i.SD_IsCardProgramming  stm32f4xx_hal_sd.o
    0x08009c40   0x0000018c   Code   RO         3645    i.SD_PowerON        stm32f4xx_hal_sd.o
    0x08009dcc   0x00000078   Code   RO         5091    i.SD_ReadDisk       sdio_sdcard.o
    0x08009e44   0x00000072   Code   RO         3646    i.SD_WideBus_Disable  stm32f4xx_hal_sd.o
    0x08009eb6   0x00000074   Code   RO         3647    i.SD_WideBus_Enable  stm32f4xx_hal_sd.o
    0x08009f2a   0x00000002   PAD
    0x08009f2c   0x0000007c   Code   RO         5092    i.SD_WriteDisk      sdio_sdcard.o
    0x08009fa8   0x00000050   Code   RO         5145    i.SPI5_Init         spi.o
    0x08009ff8   0x00000020   Code   RO         5146    i.SPI5_ReadWriteByte  spi.o
    0x0800a018   0x00000034   Code   RO         5147    i.SPI5_SetSpeed     spi.o
    0x0800a04c   0x0000009e   Code   RO         3886    i.SPI_WaitOnFlagUntilTimeout  stm32f4xx_hal_spi.o
    0x0800a0ea   0x00000002   Code   RO          379    i.SVC_Handler       stm32f4xx_it.o
    0x0800a0ec   0x000000a8   Code   RO         7366    i.Show_Font         text.o
    0x0800a194   0x000000ae   Code   RO         7367    i.Show_Str          text.o
    0x0800a242   0x00000002   PAD
    0x0800a244   0x00000084   Code   RO         4552    i.Stm32_Clock_Init  sys.o
    0x0800a2c8   0x00000004   Code   RO          380    i.SysTick_Handler   stm32f4xx_it.o
    0x0800a2cc   0x00000054   Code   RO          452    i.SystemInit        system_stm32f4xx.o
    0x0800a320   0x0000000c   Code   RO         6491    i.TIM3_IRQHandler   timer.o
    0x0800a32c   0x00000178   Code   RO         5846    i.TP_Adj_Info_Show  touch.o
    0x0800a4a4   0x000005b8   Code   RO         5847    i.TP_Adjust         touch.o
    0x0800aa5c   0x00000070   Code   RO         5849    i.TP_Drow_Touch_Point  touch.o
    0x0800aacc   0x0000008c   Code   RO         5850    i.TP_Get_Adjdata    touch.o
    0x0800ab58   0x00000160   Code   RO         5851    i.TP_Init           touch.o
    0x0800acb8   0x0000008c   Code   RO         5852    i.TP_Read_AD        touch.o
    0x0800ad44   0x00000060   Code   RO         5853    i.TP_Read_XOY       touch.o
    0x0800ada4   0x00000028   Code   RO         5854    i.TP_Read_XY        touch.o
    0x0800adcc   0x0000007c   Code   RO         5855    i.TP_Read_XY2       touch.o
    0x0800ae48   0x00000078   Code   RO         5856    i.TP_Save_Adjdata   touch.o
    0x0800aec0   0x000000bc   Code   RO         5857    i.TP_Scan           touch.o
    0x0800af7c   0x00000048   Code   RO         5858    i.TP_Write_Byte     touch.o
    0x0800afc4   0x000000a6   Code   RO         1308    i.UART_Receive_IT   stm32f4xx_hal_uart.o
    0x0800b06a   0x00000002   PAD
    0x0800b06c   0x00000174   Code   RO         1309    i.UART_SetConfig    stm32f4xx_hal_uart.o
    0x0800b1e0   0x00000066   Code   RO         1310    i.UART_Transmit_IT  stm32f4xx_hal_uart.o
    0x0800b246   0x00000092   Code   RO         1311    i.UART_WaitOnFlagUntilTimeout  stm32f4xx_hal_uart.o
    0x0800b2d8   0x0000006c   Code   RO         4580    i.USART1_IRQHandler  usart.o
    0x0800b344   0x00000002   Code   RO          381    i.UsageFault_Handler  stm32f4xx_it.o
    0x0800b346   0x00000002   PAD
    0x0800b348   0x00000058   Code   RO         5193    i.W25QXX_Erase_Sector  w25qxx.o
    0x0800b3a0   0x0000007c   Code   RO         5194    i.W25QXX_Init       w25qxx.o
    0x0800b41c   0x00000068   Code   RO         5196    i.W25QXX_Read       w25qxx.o
    0x0800b484   0x00000044   Code   RO         5197    i.W25QXX_ReadID     w25qxx.o
    0x0800b4c8   0x00000038   Code   RO         5198    i.W25QXX_ReadSR     w25qxx.o
    0x0800b500   0x0000000e   Code   RO         5200    i.W25QXX_Wait_Busy  w25qxx.o
    0x0800b50e   0x00000002   PAD
    0x0800b510   0x0000009c   Code   RO         5201    i.W25QXX_Write      w25qxx.o
    0x0800b5ac   0x00000020   Code   RO         5203    i.W25QXX_Write_Enable  w25qxx.o
    0x0800b5cc   0x0000003e   Code   RO         5204    i.W25QXX_Write_NoCheck  w25qxx.o
    0x0800b60a   0x00000002   PAD
    0x0800b60c   0x0000006c   Code   RO         5205    i.W25QXX_Write_Page  w25qxx.o
    0x0800b678   0x00000038   Code   RO         6148    i.WM8978_ADDA_Cfg   wm8978.o
    0x0800b6b0   0x00000030   Code   RO         6149    i.WM8978_AUX_Gain   wm8978.o
    0x0800b6e0   0x00000028   Code   RO         6156    i.WM8978_HPvol_Set  wm8978.o
    0x0800b708   0x00000012   Code   RO         6157    i.WM8978_I2S_Cfg    wm8978.o
    0x0800b71a   0x00000076   Code   RO         6158    i.WM8978_Init       wm8978.o
    0x0800b790   0x00000058   Code   RO         6159    i.WM8978_Input_Cfg  wm8978.o
    0x0800b7e8   0x00000034   Code   RO         6160    i.WM8978_LINEIN_Gain  wm8978.o
    0x0800b81c   0x00000022   Code   RO         6162    i.WM8978_Output_Cfg  wm8978.o
    0x0800b83e   0x00000020   Code   RO         6164    i.WM8978_SPKvol_Set  wm8978.o
    0x0800b85e   0x00000002   PAD
    0x0800b860   0x00000054   Code   RO         6165    i.WM8978_Write_Reg  wm8978.o
    0x0800b8b4   0x0000007a   Code   RO         7921    i.__hardfp_sqrt     m_wm.l(sqrt.o)
    0x0800b92e   0x00000002   Code   RO         4581    i._sys_exit         usart.o
    0x0800b930   0x000000ac   Code   RO         7613    i.ai_draw_init      piclib.o
    0x0800b9dc   0x00000088   Code   RO         7614    i.ai_load_picfile   piclib.o
    0x0800ba64   0x0000001c   Code   RO         7692    i.alloc_pool        tjpgd.o
    0x0800ba80   0x00000054   Code   RO         6355    i.audio_get_tnum    audioplay.o
    0x0800bad4   0x000001d8   Code   RO         6358    i.audio_play        audioplay.o
    0x0800bcac   0x00000034   Code   RO         6359    i.audio_play_song   audioplay.o
    0x0800bce0   0x00000010   Code   RO         6360    i.audio_start       audioplay.o
    0x0800bcf0   0x00000010   Code   RO         6361    i.audio_stop        audioplay.o
    0x0800bd00   0x0000007a   Code   RO         7693    i.bitext            tjpgd.o
    0x0800bd7a   0x00000002   PAD
    0x0800bd7c   0x000001e4   Code   RO         7694    i.block_idct        tjpgd.o
    0x0800bf60   0x00000076   Code   RO         6618    i.change_bitmap     ff.o
    0x0800bfd6   0x0000000e   Code   RO         7095    i.char_upper        exfuns.o
    0x0800bfe4   0x00000074   Code   RO         6619    i.check_fs          ff.o
    0x0800c058   0x00000010   Code   RO         6620    i.chk_chr           ff.o
    0x0800c068   0x00000032   Code   RO         6621    i.clmt_clust        ff.o
    0x0800c09a   0x00000018   Code   RO         6622    i.clust2sect        ff.o
    0x0800c0b2   0x00000002   PAD
    0x0800c0b4   0x00000084   Code   RO         6623    i.cmp_lfn           ff.o
    0x0800c138   0x0000010e   Code   RO         6624    i.create_chain      ff.o
    0x0800c246   0x000000ca   Code   RO         7695    i.create_huffman_tbl  tjpgd.o
    0x0800c310   0x00000218   Code   RO         6625    i.create_name       ff.o
    0x0800c528   0x0000007c   Code   RO         6626    i.create_xdir       ff.o
    0x0800c5a4   0x00000014   Code   RO         4513    i.delay_init        delay.o
    0x0800c5b8   0x0000001a   Code   RO         4514    i.delay_ms          delay.o
    0x0800c5d2   0x00000002   PAD
    0x0800c5d4   0x00000034   Code   RO         4515    i.delay_us          delay.o
    0x0800c608   0x00000058   Code   RO         6627    i.dir_alloc         ff.o
    0x0800c660   0x0000013c   Code   RO         6628    i.dir_find          ff.o
    0x0800c79c   0x00000104   Code   RO         6629    i.dir_next          ff.o
    0x0800c8a0   0x000000e6   Code   RO         6630    i.dir_read          ff.o
    0x0800c986   0x00000002   PAD
    0x0800c988   0x0000023c   Code   RO         6631    i.dir_register      ff.o
    0x0800cbc4   0x00000096   Code   RO         6633    i.dir_sdi           ff.o
    0x0800cc5a   0x00000028   Code   RO         7029    i.disk_initialize   diskio.o
    0x0800cc82   0x00000002   PAD
    0x0800cc84   0x0000009c   Code   RO         7030    i.disk_ioctl        diskio.o
    0x0800cd20   0x00000066   Code   RO         7031    i.disk_read         diskio.o
    0x0800cd86   0x00000004   Code   RO         7032    i.disk_status       diskio.o
    0x0800cd8a   0x00000060   Code   RO         7033    i.disk_write        diskio.o
    0x0800cdea   0x00000002   PAD
    0x0800cdec   0x00000064   Code   RO         7101    i.exfuns_init       exfuns.o
    0x0800ce50   0x0000001e   Code   RO         6634    i.f_close           ff.o
    0x0800ce6e   0x000002bc   Code   RO         6639    i.f_lseek           ff.o
    0x0800d12a   0x00000002   PAD
    0x0800d12c   0x0000004c   Code   RO         6642    i.f_mount           ff.o
    0x0800d178   0x00000276   Code   RO         6643    i.f_open            ff.o
    0x0800d3ee   0x000000d4   Code   RO         6644    i.f_opendir         ff.o
    0x0800d4c2   0x00000176   Code   RO         6648    i.f_read            ff.o
    0x0800d638   0x00000076   Code   RO         6649    i.f_readdir         ff.o
    0x0800d6ae   0x00000152   Code   RO         6653    i.f_sync            ff.o
    0x0800d800   0x00000088   Code   RO         7102    i.f_typetell        exfuns.o
    0x0800d888   0x00000070   Code   RO         7334    i.ff_convert        mycc936.o
    0x0800d8f8   0x00000008   Code   RO         7034    i.ff_memalloc       diskio.o
    0x0800d900   0x00000008   Code   RO         7035    i.ff_memfree        diskio.o
    0x0800d908   0x00000024   Code   RO         7335    i.ff_wtoupper       mycc936.o
    0x0800d92c   0x0000002e   Code   RO         6657    i.fill_fat_chain    ff.o
    0x0800d95a   0x00000092   Code   RO         6658    i.find_bitmap       ff.o
    0x0800d9ec   0x00000350   Code   RO         6659    i.find_volume       ff.o
    0x0800dd3c   0x000000b4   Code   RO         6660    i.follow_path       ff.o
    0x0800ddf0   0x00000040   Code   RO         7407    i.font_init         fontupd.o
    0x0800de30   0x00000014   Code   RO         4582    i.fputc             usart.o
    0x0800de44   0x0000008c   Code   RO         6661    i.gen_numname       ff.o
    0x0800ded0   0x00000126   Code   RO         6662    i.get_fat           ff.o
    0x0800dff6   0x00000004   Code   RO         7036    i.get_fattime       diskio.o
    0x0800dffa   0x00000106   Code   RO         6663    i.get_fileinfo      ff.o
    0x0800e100   0x0000003c   Code   RO         6664    i.get_ldnumber      ff.o
    0x0800e13c   0x0000008a   Code   RO         6665    i.get_xdir_info     ff.o
    0x0800e1c6   0x0000004e   Code   RO         7494    i.gif_check_head    gif.o
    0x0800e214   0x0000014c   Code   RO         7495    i.gif_clear2bkcolor  gif.o
    0x0800e360   0x00000108   Code   RO         7496    i.gif_decode        gif.o
    0x0800e468   0x000001a0   Code   RO         7497    i.gif_dispimage     gif.o
    0x0800e608   0x0000011e   Code   RO         7498    i.gif_drawimage     gif.o
    0x0800e726   0x0000003c   Code   RO         7499    i.gif_getdatablock  gif.o
    0x0800e762   0x00000036   Code   RO         7500    i.gif_getinfo       gif.o
    0x0800e798   0x0000023c   Code   RO         7501    i.gif_getnextbyte   gif.o
    0x0800e9d4   0x00000124   Code   RO         7502    i.gif_getnextcode   gif.o
    0x0800eaf8   0x00000018   Code   RO         7503    i.gif_getrgb565     gif.o
    0x0800eb10   0x0000008a   Code   RO         7504    i.gif_initlzw       gif.o
    0x0800eb9a   0x0000003a   Code   RO         7506    i.gif_readcolortbl  gif.o
    0x0800ebd4   0x00000082   Code   RO         7507    i.gif_readextension  gif.o
    0x0800ec56   0x00000016   Code   RO         7508    i.gif_recovergctbl  gif.o
    0x0800ec6c   0x00000016   Code   RO         7509    i.gif_savegctbl     gif.o
    0x0800ec82   0x000000a2   Code   RO         7696    i.huffext           tjpgd.o
    0x0800ed24   0x00000024   Code   RO         7615    i.is_element_ok     piclib.o
    0x0800ed48   0x000000e6   Code   RO         7697    i.jd_decomp         tjpgd.o
    0x0800ee2e   0x00000002   PAD
    0x0800ee30   0x000002c8   Code   RO         7698    i.jd_prepare        tjpgd.o
    0x0800f0f8   0x00000020   Code   RO         7699    i.jpeg_freeall      tjpgd.o
    0x0800f118   0x0000002a   Code   RO         7700    i.jpeg_in_func      tjpgd.o
    0x0800f142   0x00000002   PAD
    0x0800f144   0x00000034   Code   RO         7701    i.jpeg_mallocall    tjpgd.o
    0x0800f178   0x0000003c   Code   RO         7702    i.jpeg_out_func_fill  tjpgd.o
    0x0800f1b4   0x000000a8   Code   RO         7703    i.jpeg_out_func_point  tjpgd.o
    0x0800f25c   0x000000c4   Code   RO         7704    i.jpg_decode        tjpgd.o
    0x0800f320   0x00000026   Code   RO         6666    i.ld_clust          ff.o
    0x0800f346   0x00000016   Code   RO         6667    i.ld_dword          ff.o
    0x0800f35c   0x00000056   Code   RO         6668    i.ld_qword          ff.o
    0x0800f3b2   0x0000000a   Code   RO         6669    i.ld_word           ff.o
    0x0800f3bc   0x00000038   Code   RO         6670    i.load_obj_dir      ff.o
    0x0800f3f4   0x000000aa   Code   RO         6671    i.load_xdir         ff.o
    0x0800f49e   0x00000002   PAD
    0x0800f4a0   0x00000684   Code   RO            5    i.main              main.o
    0x0800fb24   0x0000015c   Code   RO         7705    i.mcu_load          tjpgd.o
    0x0800fc80   0x0000030c   Code   RO         7706    i.mcu_output        tjpgd.o
    0x0800ff8c   0x00000018   Code   RO         6672    i.mem_cmp           ff.o
    0x0800ffa4   0x00000012   Code   RO         6673    i.mem_cpy           ff.o
    0x0800ffb6   0x0000000c   Code   RO         6674    i.mem_set           ff.o
    0x0800ffc2   0x00000032   Code   RO         6675    i.move_window       ff.o
    0x0800fff4   0x00000058   Code   RO         6538    i.my_mem_free       malloc.o
    0x0801004c   0x0000002c   Code   RO         6539    i.my_mem_init       malloc.o
    0x08010078   0x00000088   Code   RO         6540    i.my_mem_malloc     malloc.o
    0x08010100   0x0000003c   Code   RO         6541    i.my_mem_perused    malloc.o
    0x0801013c   0x00000018   Code   RO         6542    i.myfree            malloc.o
    0x08010154   0x00000020   Code   RO         6543    i.mymalloc          malloc.o
    0x08010174   0x0000000c   Code   RO         6545    i.mymemset          malloc.o
    0x08010180   0x00000054   Code   RO            6    i.pic_get_tnum      main.o
    0x080101d4   0x00000008   Code   RO         7616    i.pic_memalloc      piclib.o
    0x080101dc   0x00000008   Code   RO         7617    i.pic_memfree       piclib.o
    0x080101e4   0x00000070   Code   RO         6676    i.pick_lfn          ff.o
    0x08010254   0x0000002c   Code   RO         7619    i.piclib_draw_hline  piclib.o
    0x08010280   0x00000094   Code   RO         7620    i.piclib_fill_color  piclib.o
    0x08010314   0x00000054   Code   RO         7621    i.piclib_init       piclib.o
    0x08010368   0x000000f6   Code   RO         6677    i.put_fat           ff.o
    0x0801045e   0x000000e8   Code   RO         6679    i.remove_chain      ff.o
    0x08010546   0x00000028   Code   RO         6680    i.st_clust          ff.o
    0x0801056e   0x00000010   Code   RO         6681    i.st_dword          ff.o
    0x0801057e   0x0000004a   Code   RO         6682    i.st_qword          ff.o
    0x080105c8   0x00000008   Code   RO         6683    i.st_word           ff.o
    0x080105d0   0x00000210   Code   RO         7460    i.stdbmp_decode     bmp.o
    0x080107e0   0x0000006c   Code   RO         6684    i.store_xdir        ff.o
    0x0801084c   0x0000001a   Code   RO         6685    i.sum_sfn           ff.o
    0x08010866   0x00000002   PAD
    0x08010868   0x00000088   Code   RO         6686    i.sync_fs           ff.o
    0x080108f0   0x00000052   Code   RO         6687    i.sync_window       ff.o
    0x08010942   0x00000002   PAD
    0x08010944   0x00000024   Code   RO         4583    i.uart_init         usart.o
    0x08010968   0x00000032   Code   RO         6688    i.validate          ff.o
    0x0801099a   0x00000002   PAD
    0x0801099c   0x00000070   Code   RO         6088    i.wav_buffill       wavplay.o
    0x08010a0c   0x000001c4   Code   RO         6089    i.wav_decode_init   wavplay.o
    0x08010bd0   0x00000160   Code   RO         6091    i.wav_play_song     wavplay.o
    0x08010d30   0x00000054   Code   RO         6092    i.wav_sai_dma_tx_callback  wavplay.o
    0x08010d84   0x00000034   Code   RO         6689    i.xdir_sum          ff.o
    0x08010db8   0x0000003c   Code   RO         6690    i.xname_sum         ff.o
    0x08010df4   0x00000150   Code   RO         7897    x$fpl$dadd          fz_wm.l(daddsub_clz.o)
    0x08010f44   0x00000018   Code   RO         7952    x$fpl$dcmpinf       fz_wm.l(dcmpi.o)
    0x08010f5c   0x0000005a   Code   RO         7903    x$fpl$dfixu         fz_wm.l(dfixu.o)
    0x08010fb6   0x00000026   Code   RO         7907    x$fpl$dfltu         fz_wm.l(dflt_clz.o)
    0x08010fdc   0x00000078   Code   RO         7913    x$fpl$dleqf         fz_wm.l(dleqf.o)
    0x08011054   0x00000154   Code   RO         7915    x$fpl$dmul          fz_wm.l(dmul.o)
    0x080111a8   0x0000009c   Code   RO         7954    x$fpl$dnaninf       fz_wm.l(dnaninf.o)
    0x08011244   0x0000000c   Code   RO         7956    x$fpl$dretinf       fz_wm.l(dretinf.o)
    0x08011250   0x0000006c   Code   RO         7917    x$fpl$drleqf        fz_wm.l(drleqf.o)
    0x080112bc   0x00000016   Code   RO         7898    x$fpl$drsb          fz_wm.l(daddsub_clz.o)
    0x080112d2   0x00000002   PAD
    0x080112d4   0x00000198   Code   RO         7958    x$fpl$dsqrt         fz_wm.l(dsqrt_umaal.o)
    0x0801146c   0x000001d4   Code   RO         7899    x$fpl$dsub          fz_wm.l(daddsub_clz.o)
    0x08011640   0x00000056   Code   RO         7919    x$fpl$f2d           fz_wm.l(f2d.o)
    0x08011696   0x0000008c   Code   RO         7960    x$fpl$fnaninf       fz_wm.l(fnaninf.o)
    0x08011722   0x0000000a   Code   RO         8076    x$fpl$fpinit        fz_wm.l(fpinit.o)
    0x0801172c   0x00000000   Code   RO         7962    x$fpl$usenofp       fz_wm.l(usenofp.o)
    0x0801172c   0x00000010   Data   RO         1147    .constdata          stm32f4xx_hal_rcc.o
    0x0801173c   0x00000008   Data   RO         1740    .constdata          stm32f4xx_hal_dma.o
    0x08011744   0x00004740   Data   RO         4728    .constdata          lcd.o
    0x08015e84   0x00000014   Data   RO         5643    .constdata          ft5206.o
    0x08015e98   0x000000c2   Data   RO         5695    .constdata          gt9147.o
    0x08015f5a   0x000000ce   Data   RO         5747    .constdata          gt9271.o
    0x08016028   0x0000000a   Data   RO         5799    .constdata          ott2001a.o
    0x08016032   0x00000002   PAD
    0x08016034   0x00000004   Data   RO         5859    .constdata          touch.o
    0x08016038   0x0000006e   Data   RO         6290    .constdata          sai.o
    0x080160a6   0x00000002   PAD
    0x080160a8   0x00000024   Data   RO         6553    .constdata          malloc.o
    0x080160cc   0x0000004a   Data   RO         6692    .constdata          ff.o
    0x08016116   0x00000002   PAD
    0x08016118   0x00000070   Data   RO         7106    .constdata          exfuns.o
    0x08016188   0x000003c0   Data   RO         7336    .constdata          mycc936.o
    0x08016548   0x00000028   Data   RO         7510    .constdata          gif.o
    0x08016570   0x000004c0   Data   RO         7707    .constdata          tjpgd.o
    0x08016a30   0x00000028   Data   RO         7834    .constdata          c_w.l(_printf_hex_int.o)
    0x08016a58   0x00000079   Data   RO         5860    .conststring        touch.o
    0x08016ad1   0x00000003   PAD
    0x08016ad4   0x00000048   Data   RO         7107    .conststring        exfuns.o
    0x08016b1c   0x00000020   Data   RO         8130    Region$$Table       anon$$obj.o


    Execution Region RW_IRAM1 (Base: 0x20000000, Size: 0x0002c7a0, Max: 0x00030000, ABSOLUTE, COMPRESSED[0x00000080])

    Base Addr    Size         Type   Attr      Idx    E Section Name        Object

    0x20000000   0x00000005   Data   RW            7    .data               main.o
    0x20000005   0x00000003   PAD
    0x20000008   0x00000014   Data   RW          453    .data               system_stm32f4xx.o
    0x2000001c   0x00000004   Data   RW          617    .data               stm32f4xx_hal.o
    0x20000020   0x00000004   Data   RW         4516    .data               delay.o
    0x20000024   0x00000002   Data   RW         4585    .data               usart.o
    0x20000026   0x00000002   PAD
    0x20000028   0x00000004   Data   RW         4586    .data               usart.o
    0x2000002c   0x00000008   Data   RW         4729    .data               lcd.o
    0x20000034   0x00000008   Data   RW         4992    .data               ltdc.o
    0x2000003c   0x00000002   Data   RW         5208    .data               w25qxx.o
    0x2000003e   0x00000002   PAD
    0x20000040   0x00000004   Data   RW         5323    .data               ftl.o
    0x20000044   0x00000007   Data   RW         5644    .data               ft5206.o
    0x2000004b   0x00000001   Data   RW         5696    .data               gt9147.o
    0x2000004c   0x00000001   Data   RW         5748    .data               gt9271.o
    0x2000004d   0x00000001   Data   RW         5800    .data               ott2001a.o
    0x2000004e   0x00000002   PAD
    0x20000050   0x0000004c   Data   RW         5861    .data               touch.o
    0x2000009c   0x0000000c   Data   RW         6094    .data               wavplay.o
    0x200000a8   0x00000074   Data   RW         6166    .data               wm8978.o
    0x2000011c   0x00000004   Data   RW         6291    .data               sai.o
    0x20000120   0x00000024   Data   RW         6554    .data               malloc.o
    0x20000144   0x00000002   Data   RW         6693    .data               ff.o
    0x20000146   0x00000002   PAD
    0x20000148   0x0000000c   Data   RW         7108    .data               exfuns.o
    0x20000154   0x00000001   Data   RW         7511    .data               gif.o
    0x20000155   0x00000003   PAD
    0x20000158   0x0000000c   Data   RW         7708    .data               tjpgd.o
    0x20000164   0x00000108   Zero   RW         4584    .bss                usart.o
    0x2000026c   0x0000005e   Zero   RW         4727    .bss                lcd.o
    0x200002ca   0x00000002   PAD
    0x200002cc   0x00000034   Zero   RW         4920    .bss                sdram.o
    0x20000300   0x000000c8   Zero   RW         4990    .bss                ltdc.o
    0x200003c8   0x000002b8   Zero   RW         5093    .bss                sdio_sdcard.o
    0x20000680   0x00000058   Zero   RW         5148    .bss                spi.o
    0x200006d8   0x00001000   Zero   RW         5207    .bss                w25qxx.o
    0x200016d8   0x00000094   Zero   RW         5439    .bss                nand.o
    0x2000176c   0x00000020   Zero   RW         6093    .bss                wavplay.o
    0x2000178c   0x000000e0   Zero   RW         6289    .bss                sai.o
    0x2000186c   0x00000011   Zero   RW         6362    .bss                audioplay.o
    0x2000187d   0x00000003   PAD
    0x20001880   0x0000003c   Zero   RW         6493    .bss                timer.o
    0x200018bc   0x00000004   PAD
    0x200018c0   0x00028000   Zero   RW         6551    .bss                malloc.o
    0x200298c0   0x00002800   Zero   RW         6552    .bss                malloc.o
    0x2002c0c0   0x0000000c   Zero   RW         6691    .bss                ff.o
    0x2002c0cc   0x0000000c   Zero   RW         7103    .bss                exfuns.o
    0x2002c0d8   0x00000029   Zero   RW         7411    .bss                fontupd.o
    0x2002c101   0x00000003   PAD
    0x2002c104   0x0000003c   Zero   RW         7622    .bss                piclib.o
    0x2002c140   0x00000060   Zero   RW         7992    .bss                c_w.l(libspace.o)
    0x2002c1a0   0x00000200   Zero   RW          585    HEAP                startup_stm32f429xx.o
    0x2002c3a0   0x00000400   Zero   RW          584    STACK               startup_stm32f429xx.o



  Load Region LR$$.ARM.__AT_0x10000000 (Base: 0x10000000, Size: 0x00000000, Max: 0x0000f000, ABSOLUTE)

    Execution Region ER$$.ARM.__AT_0x10000000 (Base: 0x10000000, Size: 0x0000f000, Max: 0x0000f000, ABSOLUTE, UNINIT)

    Base Addr    Size         Type   Attr      Idx    E Section Name        Object

    0x10000000   0x0000f000   Zero   RW         6547    .ARM.__AT_0x10000000  malloc.o



  Load Region LR$$.ARM.__AT_0x1000F000 (Base: 0x1000f000, Size: 0x00000000, Max: 0x00000f00, ABSOLUTE)

    Execution Region ER$$.ARM.__AT_0x1000F000 (Base: 0x1000f000, Size: 0x00000f00, Max: 0x00000f00, ABSOLUTE, UNINIT)

    Base Addr    Size         Type   Attr      Idx    E Section Name        Object

    0x1000f000   0x00000f00   Zero   RW         6548    .ARM.__AT_0x1000F000  malloc.o



  Load Region LR$$.ARM.__AT_0xC0000000 (Base: 0xc0000000, Size: 0x00000000, Max: 0x001f4000, ABSOLUTE)

    Execution Region ER$$.ARM.__AT_0xC0000000 (Base: 0xc0000000, Size: 0x001f4000, Max: 0x001f4000, ABSOLUTE, UNINIT)

    Base Addr    Size         Type   Attr      Idx    E Section Name        Object

    0xc0000000   0x001f4000   Zero   RW         4989    .ARM.__AT_0xC0000000  ltdc.o



  Load Region LR$$.ARM.__AT_0xC01F4000 (Base: 0xc01f4000, Size: 0x00000000, Max: 0x01c3c000, ABSOLUTE)

    Execution Region ER$$.ARM.__AT_0xC01F4000 (Base: 0xc01f4000, Size: 0x01c3c000, Max: 0x01c3c000, ABSOLUTE, UNINIT)

    Base Addr    Size         Type   Attr      Idx    E Section Name        Object

    0xc01f4000   0x01c3c000   Zero   RW         6549    .ARM.__AT_0xC01F4000  malloc.o



  Load Region LR$$.ARM.__AT_0xC1E30000 (Base: 0xc1e30000, Size: 0x00000000, Max: 0x001c3c00, ABSOLUTE)

    Execution Region ER$$.ARM.__AT_0xC1E30000 (Base: 0xc1e30000, Size: 0x001c3c00, Max: 0x001c3c00, ABSOLUTE, UNINIT)

    Base Addr    Size         Type   Attr      Idx    E Section Name        Object

    0xc1e30000   0x001c3c00   Zero   RW         6550    .ARM.__AT_0xC1E30000  malloc.o


==============================================================================

Image component sizes


      Code (inc. data)   RO Data    RW Data    ZI Data      Debug   Object Name

       216          0          0          0          0       4049   24cxx.o
       640        104          0          0         17       6026   audioplay.o
       528         10          0          0          0       2968   bmp.o
       712        118          0          0          0       6989   ctiic.o
        98          8          0          4          0       2619   delay.o
       418         10          0          0          0       7159   diskio.o
       250         14        184         12         12       3936   exfuns.o
       444         54          0          0          0       5965   exti.o
      9322         88         74          2         12      70277   ff.o
        64          6          0          0         41       2695   fontupd.o
      1102         66         20          7          0       5549   ft5206.o
      1904        296          0          4          0      13903   ftl.o
      2748         24         40          1          0      18661   gif.o
      1078         82        194          1          0       6086   gt9147.o
      1002         78        206          1          0       6058   gt9271.o
       128         18          0          0          0       1319   key.o
     11844        218      18240          8         94      29696   lcd.o
        76          8          0          0          0       1203   led.o
      1666        142          0          8    2048200      13628   ltdc.o
      1952        464          0          5          0     483740   main.o
       396         42         36         36   31695616       8241   malloc.o
       148         14        960          0          0       2459   mycc936.o
       612         74          0          0          0       6486   myiic.o
      2652        280          0          0        148      21913   nand.o
       752         64         10          1          0       5771   ott2001a.o
       636         66          0          0         60       8886   piclib.o
       764         84        110          4        224       7503   sai.o
       440         32          0          0        696       5079   sdio_sdcard.o
       448         46          0          0         52       4422   sdram.o
       248         28          0          0         88       3866   spi.o
        64         26        428          0       1536        948   startup_stm32f429xx.o
       144         16          0          4          0       6076   stm32f4xx_hal.o
       218         14          0          0          0      32073   stm32f4xx_hal_cortex.o
       246         10          8          0          0       3360   stm32f4xx_hal_dma.o
       122          0          0          0          0       2545   stm32f4xx_hal_dma_ex.o
       520         60          0          0          0       4782   stm32f4xx_hal_gpio.o
       856          4          0          0          0       5757   stm32f4xx_hal_ltdc.o
        98          0          0          0          0       1584   stm32f4xx_hal_nand.o
       136         14          0          0          0       1640   stm32f4xx_hal_pwr_ex.o
      1572         72         16          0          0       7707   stm32f4xx_hal_rcc.o
       680         36          0          0          0       2012   stm32f4xx_hal_rcc_ex.o
       436         10          0          0          0       5248   stm32f4xx_hal_sai.o
       216         30          0          0          0       2477   stm32f4xx_hal_sai_ex.o
      3732         20          0          0          0      23816   stm32f4xx_hal_sd.o
       146          0          0          0          0       3400   stm32f4xx_hal_sdram.o
       972          0          0          0          0       4445   stm32f4xx_hal_spi.o
        86          0          0          0          0       1556   stm32f4xx_hal_sram.o
       366          0          0          0          0       5518   stm32f4xx_hal_tim.o
         4          0          0          0          0       2170   stm32f4xx_hal_tim_ex.o
      1332          8          0          0          0      10526   stm32f4xx_hal_uart.o
        20          0          0          0          0       5510   stm32f4xx_it.o
       736         26          0          0          0      10089   stm32f4xx_ll_fmc.o
       158          4          0          0          0       7781   stm32f4xx_ll_sdmmc.o
       148         10          0          0          0       2091   sys.o
        84         18          0         20          0       1541   system_stm32f4xx.o
       494         14          0          0          0       4223   text.o
        24         10          0          0         60       2417   timer.o
      3618        104       1216         12          0      27193   tjpgd.o
      3224        252        125         76          0      13961   touch.o
       314         36          0          6        264       5979   usart.o
       812         66          0          2       4096       9649   w25qxx.o
      1000        232          0         12         32       6687   wavplay.o
       570         28          0        116          0       9211   wm8978.o

    ----------------------------------------------------------------------
     66514       3658      21908        356   33751260    1001124   Object Totals
         0          0         32          0          0          0   (incl. Generated)
        78          0          9         14         12          0   (incl. Padding)

    ----------------------------------------------------------------------

      Code (inc. data)   RO Data    RW Data    ZI Data      Debug   Library Member Name

        90          0          0          0          0          0   __dczerorl2.o
         8          0          0          0          0         68   __main.o
       184          0          0          0          0         84   __printf_ss.o
         0          0          0          0          0          0   __rtentry.o
        12          0          0          0          0          0   __rtentry2.o
         6          0          0          0          0          0   __rtentry4.o
        52          8          0          0          0          0   __scatter.o
        28          0          0          0          0          0   __scatter_zi.o
        44          0          0          0          0        108   _printf_char.o
        48          6          0          0          0         96   _printf_char_common.o
        36          4          0          0          0         80   _printf_char_file.o
         6          0          0          0          0          0   _printf_d.o
       120         16          0          0          0         92   _printf_dec.o
        88          4         40          0          0         88   _printf_hex_int.o
       178          0          0          0          0         88   _printf_intcommon.o
         0          0          0          0          0          0   _printf_percent.o
         4          0          0          0          0          0   _printf_percent_end.o
         6          0          0          0          0          0   _printf_s.o
        82          0          0          0          0         80   _printf_str.o
         6          0          0          0          0          0   _printf_x.o
        22          0          0          0          0        100   _rserrno.o
        18          0          0          0          0         80   exit.o
         8          0          0          0          0         68   ferror.o
         6          0          0          0          0        152   heapauxi.o
         2          0          0          0          0          0   libinit.o
         6          0          0          0          0          0   libinit2.o
         2          0          0          0          0          0   libshutdown.o
         2          0          0          0          0          0   libshutdown2.o
         8          4          0          0         96         68   libspace.o
       238          0          0          0          0        100   lludivv7m.o
        24          4          0          0          0         84   noretval__2printf.o
         8          4          0          0          0         68   rt_errno_addr_intlibspace.o
        68          0          0          0          0         68   rt_memclr.o
        78          0          0          0          0         80   rt_memclr_w.o
       138          0          0          0          0         68   rt_memcpy_v6.o
       100          0          0          0          0         80   rt_memcpy_w.o
         2          0          0          0          0          0   rtexit.o
        10          0          0          0          0          0   rtexit2.o
        24          0          0          0          0         68   strcat.o
       128          0          0          0          0         68   strcmpv7m.o
        72          0          0          0          0         80   strcpy.o
        74          0          0          0          0         80   sys_stackheap_outer.o
         2          0          0          0          0         68   use_no_semi.o
         2          0          0          0          0         68   use_no_semi_2.o
       826         16          0          0          0        492   daddsub_clz.o
        24          0          0          0          0        116   dcmpi.o
        90          4          0          0          0        140   dfixu.o
        38          0          0          0          0        116   dflt_clz.o
       120          4          0          0          0        140   dleqf.o
       340         12          0          0          0        152   dmul.o
       156          4          0          0          0        140   dnaninf.o
        12          0          0          0          0        116   dretinf.o
       108          0          0          0          0        128   drleqf.o
       408         56          0          0          0        168   dsqrt_umaal.o
        86          4          0          0          0        132   f2d.o
       140          4          0          0          0        132   fnaninf.o
        10          0          0          0          0        116   fpinit.o
         0          0          0          0          0          0   usenofp.o
       122          0          0          0          0        148   sqrt.o

    ----------------------------------------------------------------------
      4526        154         40          0         96       4468   Library Totals
         6          0          0          0          0          0   (incl. Padding)

    ----------------------------------------------------------------------

      Code (inc. data)   RO Data    RW Data    ZI Data      Debug   Library Name

      2040         50         40          0         96       2232   c_w.l
      2358        104          0          0          0       2088   fz_wm.l
       122          0          0          0          0        148   m_wm.l

    ----------------------------------------------------------------------
      4526        154         40          0         96       4468   Library Totals

    ----------------------------------------------------------------------

==============================================================================


      Code (inc. data)   RO Data    RW Data    ZI Data      Debug   

     71040       3812      21948        356   33751356     961696   Grand Totals
     71040       3812      21948        128   33751356     961696   ELF Image Totals (compressed)
     71040       3812      21948        128          0          0   ROM Totals

==============================================================================

    Total RO  Size (Code + RO Data)                92988 (  90.81kB)
    Total RW  Size (RW Data + ZI Data)          33751712 (32960.66kB)
    Total ROM Size (Code + RO Data + RW Data)      93116 (  90.93kB)

==============================================================================

